Archive member included to satisfy reference by file (symbol)

/home/ccattaneo/st/stm32cubeide_1.5.0/plugins/com.st.stm32cube.ide.mcu.externaltools.gnu-tools-for-stm32.7-2018-q2-update.linux64_1.5.0.202011040924/tools/bin/../lib/gcc/arm-none-eabi/7.3.1/../../../../arm-none-eabi/lib/thumb/v7-m/libc_nano.a(lib_a-errno.o)
                              Core/Src/syscalls.o (__errno)
/home/ccattaneo/st/stm32cubeide_1.5.0/plugins/com.st.stm32cube.ide.mcu.externaltools.gnu-tools-for-stm32.7-2018-q2-update.linux64_1.5.0.202011040924/tools/bin/../lib/gcc/arm-none-eabi/7.3.1/../../../../arm-none-eabi/lib/thumb/v7-m/libc_nano.a(lib_a-exit.o)
                              /home/ccattaneo/st/stm32cubeide_1.5.0/plugins/com.st.stm32cube.ide.mcu.externaltools.gnu-tools-for-stm32.7-2018-q2-update.linux64_1.5.0.202011040924/tools/bin/../lib/gcc/arm-none-eabi/7.3.1/../../../../arm-none-eabi/lib/thumb/v7-m/crt0.o (exit)
/home/ccattaneo/st/stm32cubeide_1.5.0/plugins/com.st.stm32cube.ide.mcu.externaltools.gnu-tools-for-stm32.7-2018-q2-update.linux64_1.5.0.202011040924/tools/bin/../lib/gcc/arm-none-eabi/7.3.1/../../../../arm-none-eabi/lib/thumb/v7-m/libc_nano.a(lib_a-getchar.o)
                              Core/Src/main.o (getchar)
/home/ccattaneo/st/stm32cubeide_1.5.0/plugins/com.st.stm32cube.ide.mcu.externaltools.gnu-tools-for-stm32.7-2018-q2-update.linux64_1.5.0.202011040924/tools/bin/../lib/gcc/arm-none-eabi/7.3.1/../../../../arm-none-eabi/lib/thumb/v7-m/libc_nano.a(lib_a-impure.o)
                              /home/ccattaneo/st/stm32cubeide_1.5.0/plugins/com.st.stm32cube.ide.mcu.externaltools.gnu-tools-for-stm32.7-2018-q2-update.linux64_1.5.0.202011040924/tools/bin/../lib/gcc/arm-none-eabi/7.3.1/../../../../arm-none-eabi/lib/thumb/v7-m/libc_nano.a(lib_a-exit.o) (_global_impure_ptr)
/home/ccattaneo/st/stm32cubeide_1.5.0/plugins/com.st.stm32cube.ide.mcu.externaltools.gnu-tools-for-stm32.7-2018-q2-update.linux64_1.5.0.202011040924/tools/bin/../lib/gcc/arm-none-eabi/7.3.1/../../../../arm-none-eabi/lib/thumb/v7-m/libc_nano.a(lib_a-init.o)
                              /home/ccattaneo/st/stm32cubeide_1.5.0/plugins/com.st.stm32cube.ide.mcu.externaltools.gnu-tools-for-stm32.7-2018-q2-update.linux64_1.5.0.202011040924/tools/bin/../lib/gcc/arm-none-eabi/7.3.1/../../../../arm-none-eabi/lib/thumb/v7-m/crt0.o (__libc_init_array)
/home/ccattaneo/st/stm32cubeide_1.5.0/plugins/com.st.stm32cube.ide.mcu.externaltools.gnu-tools-for-stm32.7-2018-q2-update.linux64_1.5.0.202011040924/tools/bin/../lib/gcc/arm-none-eabi/7.3.1/../../../../arm-none-eabi/lib/thumb/v7-m/libc_nano.a(lib_a-memcpy-stub.o)
                              RFLib/RF24.o (memcpy)
/home/ccattaneo/st/stm32cubeide_1.5.0/plugins/com.st.stm32cube.ide.mcu.externaltools.gnu-tools-for-stm32.7-2018-q2-update.linux64_1.5.0.202011040924/tools/bin/../lib/gcc/arm-none-eabi/7.3.1/../../../../arm-none-eabi/lib/thumb/v7-m/libc_nano.a(lib_a-memset.o)
                              /home/ccattaneo/st/stm32cubeide_1.5.0/plugins/com.st.stm32cube.ide.mcu.externaltools.gnu-tools-for-stm32.7-2018-q2-update.linux64_1.5.0.202011040924/tools/bin/../lib/gcc/arm-none-eabi/7.3.1/../../../../arm-none-eabi/lib/thumb/v7-m/crt0.o (memset)
/home/ccattaneo/st/stm32cubeide_1.5.0/plugins/com.st.stm32cube.ide.mcu.externaltools.gnu-tools-for-stm32.7-2018-q2-update.linux64_1.5.0.202011040924/tools/bin/../lib/gcc/arm-none-eabi/7.3.1/../../../../arm-none-eabi/lib/thumb/v7-m/libc_nano.a(lib_a-printf.o)
                              Core/Src/main.o (printf)
/home/ccattaneo/st/stm32cubeide_1.5.0/plugins/com.st.stm32cube.ide.mcu.externaltools.gnu-tools-for-stm32.7-2018-q2-update.linux64_1.5.0.202011040924/tools/bin/../lib/gcc/arm-none-eabi/7.3.1/../../../../arm-none-eabi/lib/thumb/v7-m/libc_nano.a(lib_a-puts.o)
                              Core/Src/main.o (puts)
/home/ccattaneo/st/stm32cubeide_1.5.0/plugins/com.st.stm32cube.ide.mcu.externaltools.gnu-tools-for-stm32.7-2018-q2-update.linux64_1.5.0.202011040924/tools/bin/../lib/gcc/arm-none-eabi/7.3.1/../../../../arm-none-eabi/lib/thumb/v7-m/libc_nano.a(lib_a-sprintf.o)
                              RFLib/UART_RF24.o (sprintf)
/home/ccattaneo/st/stm32cubeide_1.5.0/plugins/com.st.stm32cube.ide.mcu.externaltools.gnu-tools-for-stm32.7-2018-q2-update.linux64_1.5.0.202011040924/tools/bin/../lib/gcc/arm-none-eabi/7.3.1/../../../../arm-none-eabi/lib/thumb/v7-m/libc_nano.a(lib_a-strlen.o)
                              RFLib/UART_RF24.o (strlen)
/home/ccattaneo/st/stm32cubeide_1.5.0/plugins/com.st.stm32cube.ide.mcu.externaltools.gnu-tools-for-stm32.7-2018-q2-update.linux64_1.5.0.202011040924/tools/bin/../lib/gcc/arm-none-eabi/7.3.1/../../../../arm-none-eabi/lib/thumb/v7-m/libc_nano.a(lib_a-wbuf.o)
[...]
Memory Configuration

Name             Origin             Length             Attributes
RAM              0x0000000020000000 0x0000000000005000 xrw
FLASH            0x0000000008000000 0x0000000000010000 xr
*default*        0x0000000000000000 0xffffffffffffffff

Linker script and memory map

LOAD /home/ccattaneo/st/stm32cubeide_1.5.0/plugins/com.st.stm32cube.ide.mcu.externaltools.gnu-tools-for-stm32.7-2018-q2-update.linux64_1.5.0.202011040924/tools/bin/../lib/gcc/arm-none-eabi/7.3.1/thumb/v7-m/crti.o
LOAD /home/ccattaneo/st/stm32cubeide_1.5.0/plugins/com.st.stm32cube.ide.mcu.externaltools.gnu-tools-for-stm32.7-2018-q2-update.linux64_1.5.0.202011040924/tools/bin/../lib/gcc/arm-none-eabi/7.3.1/thumb/v7-m/crtbegin.o
LOAD /home/ccattaneo/st/stm32cubeide_1.5.0/plugins/com.st.stm32cube.ide.mcu.externaltools.gnu-tools-for-stm32.7-2018-q2-update.linux64_1.5.0.202011040924/tools/bin/../lib/gcc/arm-none-eabi/7.3.1/../../../../arm-none-eabi/lib/thumb/v7-m/crt0.o
LOAD Core/Src/main.o
LOAD Core/Src/stm32f1xx_hal_msp.o
LOAD Core/Src/stm32f1xx_it.o
LOAD Core/Src/syscalls.o
LOAD Core/Src/sysmem.o
LOAD Core/Src/system_stm32f1xx.o
LOAD Core/Startup/startup_stm32f103c8tx.o
LOAD Drivers/STM32F1xx_HAL_Driver/Src/stm32f1xx_hal.o
LOAD Drivers/STM32F1xx_HAL_Driver/Src/stm32f1xx_hal_cortex.o
LOAD Drivers/STM32F1xx_HAL_Driver/Src/stm32f1xx_hal_dma.o
LOAD Drivers/STM32F1xx_HAL_Driver/Src/stm32f1xx_hal_exti.o
LOAD Drivers/STM32F1xx_HAL_Driver/Src/stm32f1xx_hal_flash.o
LOAD Drivers/STM32F1xx_HAL_Driver/Src/stm32f1xx_hal_flash_ex.o
LOAD Drivers/STM32F1xx_HAL_Driver/Src/stm32f1xx_hal_gpio.o
LOAD Drivers/STM32F1xx_HAL_Driver/Src/stm32f1xx_hal_gpio_ex.o
LOAD Drivers/STM32F1xx_HAL_Driver/Src/stm32f1xx_hal_pwr.o
LOAD Drivers/STM32F1xx_HAL_Driver/Src/stm32f1xx_hal_rcc.o
LOAD Drivers/STM32F1xx_HAL_Driver/Src/stm32f1xx_hal_rcc_ex.o
LOAD Drivers/STM32F1xx_HAL_Driver/Src/stm32f1xx_hal_spi.o
LOAD Drivers/STM32F1xx_HAL_Driver/Src/stm32f1xx_hal_tim.o
LOAD Drivers/STM32F1xx_HAL_Driver/Src/stm32f1xx_hal_tim_ex.o
LOAD Drivers/STM32F1xx_HAL_Driver/Src/stm32f1xx_hal_uart.o
LOAD RFLib/RF24.o
LOAD RFLib/SPI_RF24.o
LOAD RFLib/TimerRF24.o
LOAD RFLib/UART_RF24.o
START GROUP
LOAD /home/ccattaneo/st/stm32cubeide_1.5.0/plugins/com.st.stm32cube.ide.mcu.externaltools.gnu-tools-for-stm32.7-2018-q2-update.linux64_1.5.0.202011040924/tools/bin/../lib/gcc/arm-none-eabi/7.3.1/../../../../arm-none-eabi/lib/thumb/v7-m/libstdc++_nano.a
LOAD /home/ccattaneo/st/stm32cubeide_1.5.0/plugins/com.st.stm32cube.ide.mcu.externaltools.gnu-tools-for-stm32.7-2018-q2-update.linux64_1.5.0.202011040924/tools/bin/../lib/gcc/arm-none-eabi/7.3.1/../../../../arm-none-eabi/lib/thumb/v7-m/libsupc++_nano.a
END GROUP
LOAD /home/ccattaneo/st/stm32cubeide_1.5.0/plugins/com.st.stm32cube.ide.mcu.externaltools.gnu-tools-for-stm32.7-2018-q2-update.linux64_1.5.0.202011040924/tools/bin/../lib/gcc/arm-none-eabi/7.3.1/../../../../arm-none-eabi/lib/thumb/v7-m/libstdc++_nano.a
LOAD /home/ccattaneo/st/stm32cubeide_1.5.0/plugins/com.st.stm32cube.ide.mcu.externaltools.gnu-tools-for-stm32.7-2018-q2-update.linux64_1.5.0.202011040924/tools/bin/../lib/gcc/arm-none-eabi/7.3.1/../../../../arm-none-eabi/lib/thumb/v7-m/libm.a
LOAD /home/ccattaneo/st/stm32cubeide_1.5.0/plugins/com.st.stm32cube.ide.mcu.externaltools.gnu-tools-for-stm32.7-2018-q2-update.linux64_1.5.0.202011040924/tools/bin/../lib/gcc/arm-none-eabi/7.3.1/../../../../arm-none-eabi/lib/thumb/v7-m/libc_nano.a
START GROUP
LOAD /home/ccattaneo/st/stm32cubeide_1.5.0/plugins/com.st.stm32cube.ide.mcu.externaltools.gnu-tools-for-stm32.7-2018-q2-update.linux64_1.5.0.202011040924/tools/bin/../lib/gcc/arm-none-eabi/7.3.1/thumb/v7-m/libgcc.a
LOAD /home/ccattaneo/st/stm32cubeide_1.5.0/plugins/com.st.stm32cube.ide.mcu.externaltools.gnu-tools-for-stm32.7-2018-q2-update.linux64_1.5.0.202011040924/tools/bin/../lib/gcc/arm-none-eabi/7.3.1/../../../../arm-none-eabi/lib/thumb/v7-m/libc_nano.a
END GROUP
START GROUP
LOAD /home/ccattaneo/st/stm32cubeide_1.5.0/plugins/com.st.stm32cube.ide.mcu.externaltools.gnu-tools-for-stm32.7-2018-q2-update.linux64_1.5.0.202011040924/tools/bin/../lib/gcc/arm-none-eabi/7.3.1/thumb/v7-m/libgcc.a
LOAD /home/ccattaneo/st/stm32cubeide_1.5.0/plugins/com.st.stm32cube.ide.mcu.externaltools.gnu-tools-for-stm32.7-2018-q2-update.linux64_1.5.0.202011040924/tools/bin/../lib/gcc/arm-none-eabi/7.3.1/../../../../arm-none-eabi/lib/thumb/v7-m/libc_nano.a
END GROUP
LOAD /home/ccattaneo/st/stm32cubeide_1.5.0/plugins/com.st.stm32cube.ide.mcu.externaltools.gnu-tools-for-stm32.7-2018-q2-update.linux64_1.5.0.202011040924/tools/bin/../lib/gcc/arm-none-eabi/7.3.1/thumb/v7-m/crtend.o
LOAD /home/ccattaneo/st/stm32cubeide_1.5.0/plugins/com.st.stm32cube.ide.mcu.externaltools.gnu-tools-for-stm32.7-2018-q2-update.linux64_1.5.0.202011040924/tools/bin/../lib/gcc/arm-none-eabi/7.3.1/thumb/v7-m/crtn.o
                0x0000000020005000                _estack = (ORIGIN (RAM) + LENGTH (RAM))
                0x0000000000000200                _Min_Heap_Size = 0x200
                0x0000000000000400                _Min_Stack_Size = 0x400

.isr_vector     0x0000000008000000      0x10c
                0x0000000008000000                . = ALIGN (0x4)
 *(.isr_vector)
 .isr_vector    0x0000000008000000      0x10c Core/Startup/startup_stm32f103c8tx.o
                0x0000000008000000                g_pfnVectors
                0x000000000800010c                . = ALIGN (0x4)

.text           0x000000000800010c     0x5420
                0x000000000800010c                . = ALIGN (0x4)
 *(.text)
 .text          0x000000000800010c       0x40 /home/ccattaneo/st/stm32cubeide_1.5.0/plugins/com.st.stm32cube.ide.mcu.externaltools.gnu-tools-for-stm32.7-2018-q2-update.linux64_1.5.0.202011040924/tools/bin/../lib/gcc/arm-none-eabi/7.3.1/thumb/v7-m/crtbegin.o
 *(.text*)
 .text._Z9printdataPh
                0x000000000800014c       0x50 Core/Src/main.o
                0x000000000800014c                printdata(unsigned char*)
 .text.main     0x000000000800019c      0x460 Core/Src/main.o
                0x000000000800019c                main
 .text._Z18SystemClock_Configv
                0x00000000080005fc       0x9e Core/Src/main.o
                0x00000000080005fc                SystemClock_Config()
 *fill*         0x000000000800069a        0x2 
 .text._ZL12MX_GPIO_Initv
                0x000000000800069c       0x44 Core/Src/main.o
 .text._Z16getCurrentMicrosv
                0x00000000080006e0       0x70 Core/Src/main.o
                0x00000000080006e0                getCurrentMicros()
 .text._ZL30LL_SYSTICK_IsActiveCounterFlagv
                0x0000000008000750       0x24 Core/Src/main.o
 .text.Error_Handler
                0x0000000008000774        0x8 Core/Src/main.o
                0x0000000008000774                Error_Handler
 .text.HAL_MspInit
                0x000000000800077c       0x64 Core/Src/stm32f1xx_hal_msp.o
                0x000000000800077c                HAL_MspInit
 .text.HAL_SPI_MspInit
                0x00000000080007e0       0x94 Core/Src/stm32f1xx_hal_msp.o
                0x00000000080007e0                HAL_SPI_MspInit
 .text.HAL_TIM_Base_MspInit
                0x0000000008000874       0x3c Core/Src/stm32f1xx_hal_msp.o
                0x0000000008000874                HAL_TIM_Base_MspInit
 .text.HAL_UART_MspInit
                0x00000000080008b0       0x98 Core/Src/stm32f1xx_hal_msp.o
                0x00000000080008b0                HAL_UART_MspInit
 .text.NMI_Handler
                0x0000000008000948        0x6 Core/Src/stm32f1xx_it.o
                0x0000000008000948                NMI_Handler
 .text.HardFault_Handler
                0x000000000800094e        0x6 Core/Src/stm32f1xx_it.o
                0x000000000800094e                HardFault_Handler
 .text.MemManage_Handler
                0x0000000008000954        0x6 Core/Src/stm32f1xx_it.o
                0x0000000008000954                MemManage_Handler
 .text.BusFault_Handler
                0x000000000800095a        0x6 Core/Src/stm32f1xx_it.o
                0x000000000800095a                BusFault_Handler
 .text.UsageFault_Handler
                0x0000000008000960        0x6 Core/Src/stm32f1xx_it.o
                0x0000000008000960                UsageFault_Handler
 .text.SVC_Handler
                0x0000000008000966        0xc Core/Src/stm32f1xx_it.o
                0x0000000008000966                SVC_Handler
 .text.DebugMon_Handler
                0x0000000008000972        0xc Core/Src/stm32f1xx_it.o
                0x0000000008000972                DebugMon_Handler
 .text.PendSV_Handler
                0x000000000800097e        0xc Core/Src/stm32f1xx_it.o
                0x000000000800097e                PendSV_Handler
 .text.SysTick_Handler
                0x000000000800098a        0xc Core/Src/stm32f1xx_it.o
                0x000000000800098a                SysTick_Handler
 *fill*         0x0000000008000996        0x2 
 .text.__io_putchar
                0x0000000008000998       0x34 Core/Src/syscalls.o
                0x0000000008000998                __io_putchar
 .text._read    0x00000000080009cc       0x5c Core/Src/syscalls.o
                0x00000000080009cc                _read
 .text._write   0x0000000008000a28       0x38 Core/Src/syscalls.o
                0x0000000008000a28                _write
 .text._close   0x0000000008000a60       0x16 Core/Src/syscalls.o
                0x0000000008000a60                _close
 .text._fstat   0x0000000008000a76       0x1e Core/Src/syscalls.o
                0x0000000008000a76                _fstat
 .text._isatty  0x0000000008000a94       0x14 Core/Src/syscalls.o
                0x0000000008000a94                _isatty
 .text._lseek   0x0000000008000aa8       0x18 Core/Src/syscalls.o
                0x0000000008000aa8                _lseek
 .text._sbrk    0x0000000008000ac0       0x6c Core/Src/sysmem.o
                0x0000000008000ac0                _sbrk
 .text.SystemInit
                0x0000000008000b2c        0xc Core/Src/system_stm32f1xx.o
                0x0000000008000b2c                SystemInit
 .text.Reset_Handler
                0x0000000008000b38       0x48 Core/Startup/startup_stm32f103c8tx.o
                0x0000000008000b38                Reset_Handler
 .text.Default_Handler
                0x0000000008000b80        0x2 Core/Startup/startup_stm32f103c8tx.o
                0x0000000008000b80                RTC_Alarm_IRQHandler
                0x0000000008000b80                EXTI2_IRQHandler
                0x0000000008000b80                TIM1_CC_IRQHandler
                0x0000000008000b80                PVD_IRQHandler
                0x0000000008000b80                EXTI3_IRQHandler
                0x0000000008000b80                EXTI0_IRQHandler
                0x0000000008000b80                I2C2_EV_IRQHandler
                0x0000000008000b80                ADC1_2_IRQHandler
                0x0000000008000b80                SPI1_IRQHandler
                0x0000000008000b80                TAMPER_IRQHandler
                0x0000000008000b80                DMA1_Channel4_IRQHandler
                0x0000000008000b80                USART3_IRQHandler
                0x0000000008000b80                RTC_IRQHandler
                0x0000000008000b80                DMA1_Channel7_IRQHandler
                0x0000000008000b80                CAN1_RX1_IRQHandler
                0x0000000008000b80                TIM4_IRQHandler
                0x0000000008000b80                I2C1_EV_IRQHandler
                0x0000000008000b80                DMA1_Channel6_IRQHandler
                0x0000000008000b80                TIM3_IRQHandler
                0x0000000008000b80                RCC_IRQHandler
                0x0000000008000b80                TIM1_TRG_COM_IRQHandler
                0x0000000008000b80                DMA1_Channel1_IRQHandler
                0x0000000008000b80                Default_Handler
                0x0000000008000b80                EXTI15_10_IRQHandler
                0x0000000008000b80                EXTI9_5_IRQHandler
                0x0000000008000b80                SPI2_IRQHandler
                0x0000000008000b80                DMA1_Channel5_IRQHandler
                0x0000000008000b80                EXTI4_IRQHandler
                0x0000000008000b80                USB_LP_CAN1_RX0_IRQHandler
                0x0000000008000b80                USB_HP_CAN1_TX_IRQHandler
                0x0000000008000b80                DMA1_Channel3_IRQHandler
                0x0000000008000b80                TIM1_UP_IRQHandler
                0x0000000008000b80                WWDG_IRQHandler
                0x0000000008000b80                TIM2_IRQHandler
                0x0000000008000b80                TIM1_BRK_IRQHandler
                0x0000000008000b80                EXTI1_IRQHandler
                0x0000000008000b80                USART2_IRQHandler
                0x0000000008000b80                I2C2_ER_IRQHandler
                0x0000000008000b80                DMA1_Channel2_IRQHandler
                0x0000000008000b80                CAN1_SCE_IRQHandler
                0x0000000008000b80                FLASH_IRQHandler
                0x0000000008000b80                USART1_IRQHandler
                0x0000000008000b80                I2C1_ER_IRQHandler
                0x0000000008000b80                USBWakeUp_IRQHandler
 *fill*         0x0000000008000b82        0x2 
 .text.HAL_Init
                0x0000000008000b84       0x2c Drivers/STM32F1xx_HAL_Driver/Src/stm32f1xx_hal.o
                0x0000000008000b84                HAL_Init
 .text.HAL_InitTick
                0x0000000008000bb0       0x60 Drivers/STM32F1xx_HAL_Driver/Src/stm32f1xx_hal.o
                0x0000000008000bb0                HAL_InitTick
 .text.HAL_IncTick
                0x0000000008000c10       0x24 Drivers/STM32F1xx_HAL_Driver/Src/stm32f1xx_hal.o
                0x0000000008000c10                HAL_IncTick
 .text.HAL_GetTick
                0x0000000008000c34       0x14 Drivers/STM32F1xx_HAL_Driver/Src/stm32f1xx_hal.o
                0x0000000008000c34                HAL_GetTick
 .text.HAL_Delay
                0x0000000008000c48       0x44 Drivers/STM32F1xx_HAL_Driver/Src/stm32f1xx_hal.o
                0x0000000008000c48                HAL_Delay
 .text.__NVIC_SetPriorityGrouping
                0x0000000008000c8c       0x48 Drivers/STM32F1xx_HAL_Driver/Src/stm32f1xx_hal_cortex.o
 .text.__NVIC_GetPriorityGrouping
                0x0000000008000cd4       0x1c Drivers/STM32F1xx_HAL_Driver/Src/stm32f1xx_hal_cortex.o
 .text.__NVIC_SetPriority
                0x0000000008000cf0       0x54 Drivers/STM32F1xx_HAL_Driver/Src/stm32f1xx_hal_cortex.o
 .text.NVIC_EncodePriority
                0x0000000008000d44       0x64 Drivers/STM32F1xx_HAL_Driver/Src/stm32f1xx_hal_cortex.o
 .text.SysTick_Config
                0x0000000008000da8       0x44 Drivers/STM32F1xx_HAL_Driver/Src/stm32f1xx_hal_cortex.o
 .text.HAL_NVIC_SetPriorityGrouping
                0x0000000008000dec       0x16 Drivers/STM32F1xx_HAL_Driver/Src/stm32f1xx_hal_cortex.o
                0x0000000008000dec                HAL_NVIC_SetPriorityGrouping
 .text.HAL_NVIC_SetPriority
                0x0000000008000e02       0x38 Drivers/STM32F1xx_HAL_Driver/Src/stm32f1xx_hal_cortex.o
                0x0000000008000e02                HAL_NVIC_SetPriority
 .text.HAL_SYSTICK_Config
                0x0000000008000e3a       0x18 Drivers/STM32F1xx_HAL_Driver/Src/stm32f1xx_hal_cortex.o
                0x0000000008000e3a                HAL_SYSTICK_Config
 *fill*         0x0000000008000e52        0x2 
 .text.HAL_GPIO_Init
                0x0000000008000e54      0x2b4 Drivers/STM32F1xx_HAL_Driver/Src/stm32f1xx_hal_gpio.o
                0x0000000008000e54                HAL_GPIO_Init
 .text.HAL_GPIO_WritePin
                0x0000000008001108       0x30 Drivers/STM32F1xx_HAL_Driver/Src/stm32f1xx_hal_gpio.o
                0x0000000008001108                HAL_GPIO_WritePin
 .text.HAL_RCC_OscConfig
                0x0000000008001138      0x500 Drivers/STM32F1xx_HAL_Driver/Src/stm32f1xx_hal_rcc.o
                0x0000000008001138                HAL_RCC_OscConfig
 .text.HAL_RCC_ClockConfig
                0x0000000008001638      0x1d4 Drivers/STM32F1xx_HAL_Driver/Src/stm32f1xx_hal_rcc.o
                0x0000000008001638                HAL_RCC_ClockConfig
 .text.HAL_RCC_GetSysClockFreq
                0x000000000800180c       0xc4 Drivers/STM32F1xx_HAL_Driver/Src/stm32f1xx_hal_rcc.o
                0x000000000800180c                HAL_RCC_GetSysClockFreq
 .text.HAL_RCC_GetHCLKFreq
                0x00000000080018d0       0x14 Drivers/STM32F1xx_HAL_Driver/Src/stm32f1xx_hal_rcc.o
                0x00000000080018d0                HAL_RCC_GetHCLKFreq
 .text.HAL_RCC_GetPCLK1Freq
                0x00000000080018e4       0x28 Drivers/STM32F1xx_HAL_Driver/Src/stm32f1xx_hal_rcc.o
                0x00000000080018e4                HAL_RCC_GetPCLK1Freq
 .text.HAL_RCC_GetPCLK2Freq
                0x000000000800190c       0x28 Drivers/STM32F1xx_HAL_Driver/Src/stm32f1xx_hal_rcc.o
                0x000000000800190c                HAL_RCC_GetPCLK2Freq
 .text.RCC_Delay
                0x0000000008001934       0x3c Drivers/STM32F1xx_HAL_Driver/Src/stm32f1xx_hal_rcc.o
 .text.HAL_SPI_Init
                0x0000000008001970      0x108 Drivers/STM32F1xx_HAL_Driver/Src/stm32f1xx_hal_spi.o
                0x0000000008001970                HAL_SPI_Init
 .text.HAL_SPI_TransmitReceive
                0x0000000008001a78      0x344 Drivers/STM32F1xx_HAL_Driver/Src/stm32f1xx_hal_spi.o
                0x0000000008001a78                HAL_SPI_TransmitReceive
 .text.SPI_WaitFlagStateUntilTimeout
                0x0000000008001dbc      0x110 Drivers/STM32F1xx_HAL_Driver/Src/stm32f1xx_hal_spi.o
 .text.SPI_EndRxTxTransaction
                0x0000000008001ecc       0x3c Drivers/STM32F1xx_HAL_Driver/Src/stm32f1xx_hal_spi.o
 .text.HAL_TIM_Base_Init
                0x0000000008001f08       0x9e Drivers/STM32F1xx_HAL_Driver/Src/stm32f1xx_hal_tim.o
                0x0000000008001f08                HAL_TIM_Base_Init
 *fill*         0x0000000008001fa6        0x2 
 .text.HAL_TIM_Base_Start
                0x0000000008001fa8       0x94 Drivers/STM32F1xx_HAL_Driver/Src/stm32f1xx_hal_tim.o
                0x0000000008001fa8                HAL_TIM_Base_Start
 .text.HAL_TIM_ConfigClockSource
                0x000000000800203c      0x16e Drivers/STM32F1xx_HAL_Driver/Src/stm32f1xx_hal_tim.o
                0x000000000800203c                HAL_TIM_ConfigClockSource
 *fill*         0x00000000080021aa        0x2 
 .text.TIM_Base_SetConfig
                0x00000000080021ac       0xc4 Drivers/STM32F1xx_HAL_Driver/Src/stm32f1xx_hal_tim.o
                0x00000000080021ac                TIM_Base_SetConfig
 .text.TIM_TI1_ConfigInputStage
                0x0000000008002270       0x5c Drivers/STM32F1xx_HAL_Driver/Src/stm32f1xx_hal_tim.o
 .text.TIM_TI2_ConfigInputStage
                0x00000000080022cc       0x5e Drivers/STM32F1xx_HAL_Driver/Src/stm32f1xx_hal_tim.o
 .text.TIM_ITRx_SetConfig
                0x000000000800232a       0x34 Drivers/STM32F1xx_HAL_Driver/Src/stm32f1xx_hal_tim.o
 .text.TIM_ETR_SetConfig
                0x000000000800235e       0x3e Drivers/STM32F1xx_HAL_Driver/Src/stm32f1xx_hal_tim.o
                0x000000000800235e                TIM_ETR_SetConfig
 .text.HAL_TIMEx_MasterConfigSynchronization
                0x000000000800239c       0xbc Drivers/STM32F1xx_HAL_Driver/Src/stm32f1xx_hal_tim_ex.o
                0x000000000800239c                HAL_TIMEx_MasterConfigSynchronization
 .text.HAL_UART_Init
                0x0000000008002458       0x9a Drivers/STM32F1xx_HAL_Driver/Src/stm32f1xx_hal_uart.o
                0x0000000008002458                HAL_UART_Init
 .text.HAL_UART_Transmit
                0x00000000080024f2      0x124 Drivers/STM32F1xx_HAL_Driver/Src/stm32f1xx_hal_uart.o
                0x00000000080024f2                HAL_UART_Transmit
 .text.HAL_UART_Receive
                0x0000000008002616      0x13e Drivers/STM32F1xx_HAL_Driver/Src/stm32f1xx_hal_uart.o
                0x0000000008002616                HAL_UART_Receive
 .text.UART_WaitOnFlagUntilTimeout
                0x0000000008002754       0x94 Drivers/STM32F1xx_HAL_Driver/Src/stm32f1xx_hal_uart.o
 .text.UART_SetConfig
                0x00000000080027e8      0x11c Drivers/STM32F1xx_HAL_Driver/Src/stm32f1xx_hal_uart.o
 .text._ZN4RF243csnEb
                0x0000000008002904       0x32 RFLib/RF24.o
                0x0000000008002904                RF24::csn(bool)
 .text._ZN4RF242ceEb
                0x0000000008002936       0x2e RFLib/RF24.o
                0x0000000008002936                RF24::ce(bool)
 .text._ZN4RF2416beginTransactionEv
                0x0000000008002964       0x18 RFLib/RF24.o
                0x0000000008002964                RF24::beginTransaction()
 .text._ZN4RF2414endTransactionEv
                0x000000000800297c       0x18 RFLib/RF24.o
                0x000000000800297c                RF24::endTransaction()
 .text._ZN4RF2413read_registerEhPhh
                0x0000000008002994       0x6c RFLib/RF24.o
                0x0000000008002994                RF24::read_register(unsigned char, unsigned char*, unsigned char)
 .text._ZN4RF2413read_registerEh
                0x0000000008002a00       0x48 RFLib/RF24.o
                0x0000000008002a00                RF24::read_register(unsigned char)
 .text._ZN4RF2414write_registerEhPKhh
                0x0000000008002a48       0x70 RFLib/RF24.o
                0x0000000008002a48                RF24::write_register(unsigned char, unsigned char const*, unsigned char)
 .text._ZN4RF2414write_registerEhhb
                0x0000000008002ab8       0x8c RFLib/RF24.o
                0x0000000008002ab8                RF24::write_register(unsigned char, unsigned char, bool)
 .text._ZN4RF2413write_payloadEPKvhh
                0x0000000008002b44       0xd6 RFLib/RF24.o
                0x0000000008002b44                RF24::write_payload(void const*, unsigned char, unsigned char)
 .text._ZN4RF2412read_payloadEPvh
                0x0000000008002c1a       0xc6 RFLib/RF24.o
                0x0000000008002c1a                RF24::read_payload(void*, unsigned char)
 .text._ZN4RF248flush_rxEv
                0x0000000008002ce0       0x20 RFLib/RF24.o
                0x0000000008002ce0                RF24::flush_rx()
 .text._ZN4RF248flush_txEv
                0x0000000008002d00       0x20 RFLib/RF24.o
                0x0000000008002d00                RF24::flush_tx()
 .text._ZN4RF2410get_statusEv
                0x0000000008002d20       0x20 RFLib/RF24.o
                0x0000000008002d20                RF24::get_status()
 .text._ZN4RF2412print_statusEh
                0x0000000008002d40       0x54 RFLib/RF24.o
                0x0000000008002d40                RF24::print_status(unsigned char)
 .text._ZN4RF2419print_byte_registerEPKchh
                0x0000000008002d94       0x68 RFLib/RF24.o
                0x0000000008002d94                RF24::print_byte_register(char const*, unsigned char, unsigned char)
 .text._ZN4RF2422print_address_registerEPKchh
                0x0000000008002dfc       0xf8 RFLib/RF24.o
                0x0000000008002dfc                RF24::print_address_register(char const*, unsigned char, unsigned char)
 .text._ZN4RF24C2EP12GPIO_TypeDeftS1_tm
                0x0000000008002ef4       0x8c RFLib/RF24.o
                0x0000000008002ef4                RF24::RF24(GPIO_TypeDef*, unsigned short, GPIO_TypeDef*, unsigned short, unsigned long)
                0x0000000008002ef4                RF24::RF24(GPIO_TypeDef*, unsigned short, GPIO_TypeDef*, unsigned short, unsigned long)
 .text._ZN4RF2410setChannelEh
                0x0000000008002f80       0x30 RFLib/RF24.o
                0x0000000008002f80                RF24::setChannel(unsigned char)
 .text._ZN4RF2410getChannelEv
                0x0000000008002fb0       0x1a RFLib/RF24.o
                0x0000000008002fb0                RF24::getChannel()
 .text._ZN4RF2414setPayloadSizeEh
                0x0000000008002fca       0x50 RFLib/RF24.o
                0x0000000008002fca                RF24::setPayloadSize(unsigned char)
 .text._ZN4RF2414getPayloadSizeEv
                0x000000000800301a       0x16 RFLib/RF24.o
                0x000000000800301a                RF24::getPayloadSize()
 .text._ZN4RF2412printDetailsEv
                0x0000000008003030      0x174 RFLib/RF24.o
                0x0000000008003030                RF24::printDetails()
 .text._ZN4RF2418printPrettyDetailsEv
                0x00000000080031a4      0x2e0 RFLib/RF24.o
                0x00000000080031a4                RF24::printPrettyDetails()
 .text._ZN4RF245beginEv
                0x0000000008003484      0x158 RFLib/RF24.o
                0x0000000008003484                RF24::begin()
 .text._ZN4RF2414startListeningEv
                0x00000000080035dc       0x6a RFLib/RF24.o
                0x00000000080035dc                RF24::startListening()
 *fill*         0x0000000008003646        0x2 
 .text._ZN4RF2413stopListeningEv
                0x0000000008003648       0x80 RFLib/RF24.o
                0x0000000008003648                RF24::stopListening()
 .text._ZN4RF247powerUpEv
                0x00000000080036c8       0x42 RFLib/RF24.o
                0x00000000080036c8                RF24::powerUp()
 *fill*         0x000000000800370a        0x2 
 .text._ZN4RF249errNotifyEv
                0x000000000800370c       0x24 RFLib/RF24.o
                0x000000000800370c                RF24::errNotify()
 .text._ZN4RF245writeEPKvhb
                0x0000000008003730       0xa2 RFLib/RF24.o
                0x0000000008003730                RF24::write(void const*, unsigned char, bool)
 .text._ZN4RF245writeEPKvh
                0x00000000080037d2       0x24 RFLib/RF24.o
                0x00000000080037d2                RF24::write(void const*, unsigned char)
 .text._ZN4RF2414startFastWriteEPKvhbb
                0x00000000080037f6       0x42 RFLib/RF24.o
                0x00000000080037f6                RF24::startFastWrite(void const*, unsigned char, bool, bool)
 .text._ZN4RF249availableEv
                0x0000000008003838       0x1a RFLib/RF24.o
                0x0000000008003838                RF24::available()
 .text._ZN4RF249availableEPh
                0x0000000008003852       0x3c RFLib/RF24.o
                0x0000000008003852                RF24::available(unsigned char*)
 .text._ZN4RF244readEPvh
                0x000000000800388e       0x2e RFLib/RF24.o
                0x000000000800388e                RF24::read(void*, unsigned char)
 .text._ZN4RF2415openWritingPipeEPKh
                0x00000000080038bc       0x2e RFLib/RF24.o
                0x00000000080038bc                RF24::openWritingPipe(unsigned char const*)
 .text._ZN4RF2415setAddressWidthEh
                0x00000000080038ea       0x60 RFLib/RF24.o
                0x00000000080038ea                RF24::setAddressWidth(unsigned char)
 *fill*         0x000000000800394a        0x2 
 .text._ZN4RF2415openReadingPipeEhPKh
                0x000000000800394c       0x98 RFLib/RF24.o
                0x000000000800394c                RF24::openReadingPipe(unsigned char, unsigned char const*)
 .text._ZN4RF2416closeReadingPipeEh
                0x00000000080039e4       0x48 RFLib/RF24.o
                0x00000000080039e4                RF24::closeReadingPipe(unsigned char)
 .text._ZN4RF2415toggle_featuresEv
                0x0000000008003a2c       0x3c RFLib/RF24.o
                0x0000000008003a2c                RF24::toggle_features()
 .text._ZN4RF2417disableAckPayloadEv
                0x0000000008003a68       0x3c RFLib/RF24.o
                0x0000000008003a68                RF24::disableAckPayload()
 .text._ZN4RF2410isPVariantEv
                0x0000000008003aa4       0x16 RFLib/RF24.o
                0x0000000008003aa4                RF24::isPVariant()
 .text._ZN4RF2410setAutoAckEb
                0x0000000008003aba       0x42 RFLib/RF24.o
                0x0000000008003aba                RF24::setAutoAck(bool)
 .text._ZN4RF2410setPALevelEhb
                0x0000000008003afc       0x56 RFLib/RF24.o
                0x0000000008003afc                RF24::setPALevel(unsigned char, bool)
 .text._ZN4RF2410getPALevelEv
                0x0000000008003b52       0x24 RFLib/RF24.o
                0x0000000008003b52                RF24::getPALevel()
 .text._ZN4RF246getARCEv
                0x0000000008003b76       0x20 RFLib/RF24.o
                0x0000000008003b76                RF24::getARC()
 .text._ZN4RF2411setDataRateE15rf24_datarate_e
                0x0000000008003b96       0x94 RFLib/RF24.o
                0x0000000008003b96                RF24::setDataRate(rf24_datarate_e)
 .text._ZN4RF2411getDataRateEv
                0x0000000008003c2a       0x3e RFLib/RF24.o
                0x0000000008003c2a                RF24::getDataRate()
 .text._ZN4RF2412getCRCLengthEv
                0x0000000008003c68       0x5a RFLib/RF24.o
                0x0000000008003c68                RF24::getCRCLength()
 .text._ZN4RF2410setRetriesEhh
                0x0000000008003cc2       0x38 RFLib/RF24.o
                0x0000000008003cc2                RF24::setRetries(unsigned char, unsigned char)
 .text._ZN4RF2412digitalWriteEtb
                0x0000000008003cfa       0x4c RFLib/RF24.o
                0x0000000008003cfa                RF24::digitalWrite(unsigned short, bool)
 .text._ZN4RF2417delayMicrosecondsEt
                0x0000000008003d46       0x1a RFLib/RF24.o
                0x0000000008003d46                RF24::delayMicroseconds(unsigned short)
 .text._ZN4RF246millisEv
                0x0000000008003d60       0x26 RFLib/RF24.o
                0x0000000008003d60                RF24::millis()
 *fill*         0x0000000008003d86        0x2 
 .text._ZN4RF2418pinModeRF24_ce_csnEv
                0x0000000008003d88      0x1b4 RFLib/RF24.o
                0x0000000008003d88                RF24::pinModeRF24_ce_csn()
 .text._ZN8SPI_RF24C2Ev
                0x0000000008003f3c       0xa4 RFLib/SPI_RF24.o
                0x0000000008003f3c                SPI_RF24::SPI_RF24()
                0x0000000008003f3c                SPI_RF24::SPI_RF24()
 .text._ZN8SPI_RF245beginEm
                0x0000000008003fe0       0x2e RFLib/SPI_RF24.o
                0x0000000008003fe0                SPI_RF24::begin(unsigned long)
 .text._ZN8SPI_RF244initEm
                0x000000000800400e       0x18 RFLib/SPI_RF24.o
                0x000000000800400e                SPI_RF24::init(unsigned long)
 .text._ZN8SPI_RF248transferEh
                0x0000000008004026       0x2a RFLib/SPI_RF24.o
                0x0000000008004026                SPI_RF24::transfer(unsigned char)
 .text._ZN8SPI_RF2412MX_SPI1_InitEv
                0x0000000008004050       0x7c RFLib/SPI_RF24.o
                0x0000000008004050                SPI_RF24::MX_SPI1_Init()
 .text._ZN10TIMER_RF24C2Ev
                0x00000000080040cc       0x38 RFLib/TimerRF24.o
                0x00000000080040cc                TIMER_RF24::TIMER_RF24()
                0x00000000080040cc                TIMER_RF24::TIMER_RF24()
 .text._ZN10TIMER_RF245beginEv
                0x0000000008004104       0x32 RFLib/TimerRF24.o
                0x0000000008004104                TIMER_RF24::begin()
 .text._ZN10TIMER_RF246getCNTEv
                0x0000000008004136       0x1a RFLib/TimerRF24.o
                0x0000000008004136                TIMER_RF24::getCNT()
 .text._ZN10TIMER_RF244initEv
                0x0000000008004150       0x16 RFLib/TimerRF24.o
                0x0000000008004150                TIMER_RF24::init()
 *fill*         0x0000000008004166        0x2 
 .text._ZN10TIMER_RF2412MX_TIM1_InitEv
                0x0000000008004168       0xc8 RFLib/TimerRF24.o
                0x0000000008004168                TIMER_RF24::MX_TIM1_Init()
 .text._ZN9UART_RF24C2Ev
                0x0000000008004230       0x94 RFLib/UART_RF24.o
                0x0000000008004230                UART_RF24::UART_RF24()
                0x0000000008004230                UART_RF24::UART_RF24()
 .text._ZN9UART_RF248gethUARTEv
                0x00000000080042c4       0x30 RFLib/UART_RF24.o
                0x00000000080042c4                UART_RF24::gethUART()
 .text._ZN9UART_RF245beginEv
                0x00000000080042f4       0x2a RFLib/UART_RF24.o
                0x00000000080042f4                UART_RF24::begin()
 .text._ZN9UART_RF244initEv
                0x000000000800431e       0x16 RFLib/UART_RF24.o
                0x000000000800431e                UART_RF24::init()
 .text._ZN9UART_RF2419MX_USART1_UART_InitEv
                0x0000000008004334       0x64 RFLib/UART_RF24.o
                0x0000000008004334                UART_RF24::MX_USART1_UART_Init()
 .text.__errno  0x0000000008004398        0xc /home/ccattaneo/st/stm32cubeide_1.5.0/plugins/com.st.stm32cube.ide.mcu.externaltools.gnu-tools-for-stm32.7-2018-q2-update.linux64_1.5.0.202011040924/tools/bin/../lib/gcc/arm-none-eabi/7.3.1/../../../../arm-none-eabi/lib/thumb/v7-m/libc_nano.a(lib_a-errno.o)
                0x0000000008004398                __errno
 .text.getchar  0x00000000080043a4       0x24 /home/ccattaneo/st/stm32cubeide_1.5.0/plugins/com.st.stm32cube.ide.mcu.externaltools.gnu-tools-for-stm32.7-2018-q2-update.linux64_1.5.0.202011040924/tools/bin/../lib/gcc/arm-none-eabi/7.3.1/../../../../arm-none-eabi/lib/thumb/v7-m/libc_nano.a(lib_a-getchar.o)
                0x00000000080043a4                getchar
 .text.__libc_init_array
                0x00000000080043c8       0x48 /home/ccattaneo/st/stm32cubeide_1.5.0/plugins/com.st.stm32cube.ide.mcu.externaltools.gnu-tools-for-stm32.7-2018-q2-update.linux64_1.5.0.202011040924/tools/bin/../lib/gcc/arm-none-eabi/7.3.1/../../../../arm-none-eabi/lib/thumb/v7-m/libc_nano.a(lib_a-init.o)
                0x00000000080043c8                __libc_init_array
 .text.memcpy   0x0000000008004410       0x16 /home/ccattaneo/st/stm32cubeide_1.5.0/plugins/com.st.stm32cube.ide.mcu.externaltools.gnu-tools-for-stm32.7-2018-q2-update.linux64_1.5.0.202011040924/tools/bin/../lib/gcc/arm-none-eabi/7.3.1/../../../../arm-none-eabi/lib/thumb/v7-m/libc_nano.a(lib_a-memcpy-stub.o)
                0x0000000008004410                memcpy
 .text.memset   0x0000000008004426       0x10 /home/ccattaneo/st/stm32cubeide_1.5.0/plugins/com.st.stm32cube.ide.mcu.externaltools.gnu-tools-for-stm32.7-2018-q2-update.linux64_1.5.0.202011040924/tools/bin/../lib/gcc/arm-none-eabi/7.3.1/../../../../arm-none-eabi/lib/thumb/v7-m/libc_nano.a(lib_a-memset.o)
                0x0000000008004426                memset
 *fill*         0x0000000008004436        0x2 
 .text.printf   0x0000000008004438       0x30 /home/ccattaneo/st/stm32cubeide_1.5.0/plugins/com.st.stm32cube.ide.mcu.externaltools.gnu-tools-for-stm32.7-2018-q2-update.linux64_1.5.0.202011040924/tools/bin/../lib/gcc/arm-none-eabi/7.3.1/../../../../arm-none-eabi/lib/thumb/v7-m/libc_nano.a(lib_a-printf.o)
                0x0000000008004438                printf
                0x0000000008004438                iprintf
 .text._puts_r  0x0000000008004468       0xb8 /home/ccattaneo/st/stm32cubeide_1.5.0/plugins/com.st.stm32cube.ide.mcu.externaltools.gnu-tools-for-stm32.7-2018-q2-update.linux64_1.5.0.202011040924/tools/bin/../lib/gcc/arm-none-eabi/7.3.1/../../../../arm-none-eabi/lib/thumb/v7-m/libc_nano.a(lib_a-puts.o)
                0x0000000008004468                _puts_r
 .text.puts     0x0000000008004520       0x10 /home/ccattaneo/st/stm32cubeide_1.5.0/plugins/com.st.stm32cube.ide.mcu.externaltools.gnu-tools-for-stm32.7-2018-q2-update.linux64_1.5.0.202011040924/tools/bin/../lib/gcc/arm-none-eabi/7.3.1/../../../../arm-none-eabi/lib/thumb/v7-m/libc_nano.a(lib_a-puts.o)
                0x0000000008004520                puts
 .text.__swbuf_r
                0x0000000008004530       0xa4 /home/ccattaneo/st/stm32cubeide_1.5.0/plugins/com.st.stm32cube.ide.mcu.externaltools.gnu-tools-for-stm32.7-2018-q2-update.linux64_1.5.0.202011040924/tools/bin/../lib/gcc/arm-none-eabi/7.3.1/../../../../arm-none-eabi/lib/thumb/v7-m/libc_nano.a(lib_a-wbuf.o)
                0x0000000008004530                __swbuf_r
 .text.__swsetup_r
                0x00000000080045d4       0xdc /home/ccattaneo/st/stm32cubeide_1.5.0/plugins/com.st.stm32cube.ide.mcu.externaltools.gnu-tools-for-stm32.7-2018-q2-update.linux64_1.5.0.202011040924/tools/bin/../lib/gcc/arm-none-eabi/7.3.1/../../../../arm-none-eabi/lib/thumb/v7-m/libc_nano.a(lib_a-wsetup.o)
                0x00000000080045d4                __swsetup_r
 .text.__sflush_r
                0x00000000080046b0      0x10c /home/ccattaneo/st/stm32cubeide_1.5.0/plugins/com.st.stm32cube.ide.mcu.externaltools.gnu-tools-for-stm32.7-2018-q2-update.linux64_1.5.0.202011040924/tools/bin/../lib/gcc/arm-none-eabi/7.3.1/../../../../arm-none-eabi/lib/thumb/v7-m/libc_nano.a(lib_a-fflush.o)
                0x00000000080046b0                __sflush_r
 .text._fflush_r
                0x00000000080047bc       0x54 /home/ccattaneo/st/stm32cubeide_1.5.0/plugins/com.st.stm32cube.ide.mcu.externaltools.gnu-tools-for-stm32.7-2018-q2-update.linux64_1.5.0.202011040924/tools/bin/../lib/gcc/arm-none-eabi/7.3.1/../../../../arm-none-eabi/lib/thumb/v7-m/libc_nano.a(lib_a-fflush.o)
                0x00000000080047bc                _fflush_r
 .text.fflush   0x0000000008004810       0x24 /home/ccattaneo/st/stm32cubeide_1.5.0/plugins/com.st.stm32cube.ide.mcu.externaltools.gnu-tools-for-stm32.7-2018-q2-update.linux64_1.5.0.202011040924/tools/bin/../lib/gcc/arm-none-eabi/7.3.1/../../../../arm-none-eabi/lib/thumb/v7-m/libc_nano.a(lib_a-fflush.o)
                0x0000000008004810                fflush
 .text.std      0x0000000008004834       0x48 /home/ccattaneo/st/stm32cubeide_1.5.0/plugins/com.st.stm32cube.ide.mcu.externaltools.gnu-tools-for-stm32.7-2018-q2-update.linux64_1.5.0.202011040924/tools/bin/../lib/gcc/arm-none-eabi/7.3.1/../../../../arm-none-eabi/lib/thumb/v7-m/libc_nano.a(lib_a-findfp.o)
 .text._cleanup_r
                0x000000000800487c        0xc /home/ccattaneo/st/stm32cubeide_1.5.0/plugins/com.st.stm32cube.ide.mcu.externaltools.gnu-tools-for-stm32.7-2018-q2-update.linux64_1.5.0.202011040924/tools/bin/../lib/gcc/arm-none-eabi/7.3.1/../../../../arm-none-eabi/lib/thumb/v7-m/libc_nano.a(lib_a-findfp.o)
                0x000000000800487c                _cleanup_r
 .text.__sfmoreglue
                0x0000000008004888       0x2c /home/ccattaneo/st/stm32cubeide_1.5.0/plugins/com.st.stm32cube.ide.mcu.externaltools.gnu-tools-for-stm32.7-2018-q2-update.linux64_1.5.0.202011040924/tools/bin/../lib/gcc/arm-none-eabi/7.3.1/../../../../arm-none-eabi/lib/thumb/v7-m/libc_nano.a(lib_a-findfp.o)
                0x0000000008004888                __sfmoreglue
 .text.__sinit  0x00000000080048b4       0x60 /home/ccattaneo/st/stm32cubeide_1.5.0/plugins/com.st.stm32cube.ide.mcu.externaltools.gnu-tools-for-stm32.7-2018-q2-update.linux64_1.5.0.202011040924/tools/bin/../lib/gcc/arm-none-eabi/7.3.1/../../../../arm-none-eabi/lib/thumb/v7-m/libc_nano.a(lib_a-findfp.o)
                0x00000000080048b4                __sinit
 .text.__sfp    0x0000000008004914       0x78 /home/ccattaneo/st/stm32cubeide_1.5.0/plugins/com.st.stm32cube.ide.mcu.externaltools.gnu-tools-for-stm32.7-2018-q2-update.linux64_1.5.0.202011040924/tools/bin/../lib/gcc/arm-none-eabi/7.3.1/../../../../arm-none-eabi/lib/thumb/v7-m/libc_nano.a(lib_a-findfp.o)
                0x0000000008004914                __sfp
 .text._fwalk   0x000000000800498c       0x38 /home/ccattaneo/st/stm32cubeide_1.5.0/plugins/com.st.stm32cube.ide.mcu.externaltools.gnu-tools-for-stm32.7-2018-q2-update.linux64_1.5.0.202011040924/tools/bin/../lib/gcc/arm-none-eabi/7.3.1/../../../../arm-none-eabi/lib/thumb/v7-m/libc_nano.a(lib_a-fwalk.o)
                0x000000000800498c                _fwalk
 .text._fwalk_reent
                0x00000000080049c4       0x3c /home/ccattaneo/st/stm32cubeide_1.5.0/plugins/com.st.stm32cube.ide.mcu.externaltools.gnu-tools-for-stm32.7-2018-q2-update.linux64_1.5.0.202011040924/tools/bin/../lib/gcc/arm-none-eabi/7.3.1/../../../../arm-none-eabi/lib/thumb/v7-m/libc_nano.a(lib_a-fwalk.o)
                0x00000000080049c4                _fwalk_reent
 .text._getc_r  0x0000000008004a00       0x58 /home/ccattaneo/st/stm32cubeide_1.5.0/plugins/com.st.stm32cube.ide.mcu.externaltools.gnu-tools-for-stm32.7-2018-q2-update.linux64_1.5.0.202011040924/tools/bin/../lib/gcc/arm-none-eabi/7.3.1/../../../../arm-none-eabi/lib/thumb/v7-m/libc_nano.a(lib_a-getc.o)
                0x0000000008004a00                _getc_r
 .text.__swhatbuf_r
                0x0000000008004a58       0x48 /home/ccattaneo/st/stm32cubeide_1.5.0/plugins/com.st.stm32cube.ide.mcu.externaltools.gnu-tools-for-stm32.7-2018-q2-update.linux64_1.5.0.202011040924/tools/bin/../lib/gcc/arm-none-eabi/7.3.1/../../../../arm-none-eabi/lib/thumb/v7-m/libc_nano.a(lib_a-makebuf.o)
                0x0000000008004a58                __swhatbuf_r
 .text.__smakebuf_r
                0x0000000008004aa0       0x80 /home/ccattaneo/st/stm32cubeide_1.5.0/plugins/com.st.stm32cube.ide.mcu.externaltools.gnu-tools-for-stm32.7-2018-q2-update.linux64_1.5.0.202011040924/tools/bin/../lib/gcc/arm-none-eabi/7.3.1/../../../../arm-none-eabi/lib/thumb/v7-m/libc_nano.a(lib_a-makebuf.o)
                0x0000000008004aa0                __smakebuf_r
 .text._free_r  0x0000000008004b20       0x98 /home/ccattaneo/st/stm32cubeide_1.5.0/plugins/com.st.stm32cube.ide.mcu.externaltools.gnu-tools-for-stm32.7-2018-q2-update.linux64_1.5.0.202011040924/tools/bin/../lib/gcc/arm-none-eabi/7.3.1/../../../../arm-none-eabi/lib/thumb/v7-m/libc_nano.a(lib_a-nano-freer.o)
                0x0000000008004b20                _free_r
 .text._malloc_r
                0x0000000008004bb8       0xb4 /home/ccattaneo/st/stm32cubeide_1.5.0/plugins/com.st.stm32cube.ide.mcu.externaltools.gnu-tools-for-stm32.7-2018-q2-update.linux64_1.5.0.202011040924/tools/bin/../lib/gcc/arm-none-eabi/7.3.1/../../../../arm-none-eabi/lib/thumb/v7-m/libc_nano.a(lib_a-nano-mallocr.o)
                0x0000000008004bb8                _malloc_r
 .text.__sfputc_r
                0x0000000008004c6c       0x2a /home/ccattaneo/st/stm32cubeide_1.5.0/plugins/com.st.stm32cube.ide.mcu.externaltools.gnu-tools-for-stm32.7-2018-q2-update.linux64_1.5.0.202011040924/tools/bin/../lib/gcc/arm-none-eabi/7.3.1/../../../../arm-none-eabi/lib/thumb/v7-m/libc_nano.a(lib_a-nano-vfprintf.o)
 .text.__sfputs_r
                0x0000000008004c96       0x24 /home/ccattaneo/st/stm32cubeide_1.5.0/plugins/com.st.stm32cube.ide.mcu.externaltools.gnu-tools-for-stm32.7-2018-q2-update.linux64_1.5.0.202011040924/tools/bin/../lib/gcc/arm-none-eabi/7.3.1/../../../../arm-none-eabi/lib/thumb/v7-m/libc_nano.a(lib_a-nano-vfprintf.o)
                0x0000000008004c96                __sfputs_r
 *fill*         0x0000000008004cba        0x2 
 .text._vfprintf_r
                0x0000000008004cbc      0x22c /home/ccattaneo/st/stm32cubeide_1.5.0/plugins/com.st.stm32cube.ide.mcu.externaltools.gnu-tools-for-stm32.7-2018-q2-update.linux64_1.5.0.202011040924/tools/bin/../lib/gcc/arm-none-eabi/7.3.1/../../../../arm-none-eabi/lib/thumb/v7-m/libc_nano.a(lib_a-nano-vfprintf.o)
                0x0000000008004cbc                _vfiprintf_r
                0x0000000008004cbc                _vfprintf_r
 .text._printf_common
                0x0000000008004ee8       0xec /home/ccattaneo/st/stm32cubeide_1.5.0/plugins/com.st.stm32cube.ide.mcu.externaltools.gnu-tools-for-stm32.7-2018-q2-update.linux64_1.5.0.202011040924/tools/bin/../lib/gcc/arm-none-eabi/7.3.1/../../../../arm-none-eabi/lib/thumb/v7-m/libc_nano.a(lib_a-nano-vfprintf_i.o)
                0x0000000008004ee8                _printf_common
 .text._printf_i
                0x0000000008004fd4      0x224 /home/ccattaneo/st/stm32cubeide_1.5.0/plugins/com.st.stm32cube.ide.mcu.externaltools.gnu-tools-for-stm32.7-2018-q2-update.linux64_1.5.0.202011040924/tools/bin/../lib/gcc/arm-none-eabi/7.3.1/../../../../arm-none-eabi/lib/thumb/v7-m/libc_nano.a(lib_a-nano-vfprintf_i.o)
                0x0000000008004fd4                _printf_i
 .text.__srget_r
                0x00000000080051f8       0x58 /home/ccattaneo/st/stm32cubeide_1.5.0/plugins/com.st.stm32cube.ide.mcu.externaltools.gnu-tools-for-stm32.7-2018-q2-update.linux64_1.5.0.202011040924/tools/bin/../lib/gcc/arm-none-eabi/7.3.1/../../../../arm-none-eabi/lib/thumb/v7-m/libc_nano.a(lib_a-rget.o)
                0x00000000080051f8                __srget_r
 .text._sbrk_r  0x0000000008005250       0x20 /home/ccattaneo/st/stm32cubeide_1.5.0/plugins/com.st.stm32cube.ide.mcu.externaltools.gnu-tools-for-stm32.7-2018-q2-update.linux64_1.5.0.202011040924/tools/bin/../lib/gcc/arm-none-eabi/7.3.1/../../../../arm-none-eabi/lib/thumb/v7-m/libc_nano.a(lib_a-sbrkr.o)
                0x0000000008005250                _sbrk_r
 .text.__sread  0x0000000008005270       0x22 /home/ccattaneo/st/stm32cubeide_1.5.0/plugins/com.st.stm32cube.ide.mcu.externaltools.gnu-tools-for-stm32.7-2018-q2-update.linux64_1.5.0.202011040924/tools/bin/../lib/gcc/arm-none-eabi/7.3.1/../../../../arm-none-eabi/lib/thumb/v7-m/libc_nano.a(lib_a-stdio.o)
                0x0000000008005270                __sread
 .text.__swrite
                0x0000000008005292       0x38 /home/ccattaneo/st/stm32cubeide_1.5.0/plugins/com.st.stm32cube.ide.mcu.externaltools.gnu-tools-for-stm32.7-2018-q2-update.linux64_1.5.0.202011040924/tools/bin/../lib/gcc/arm-none-eabi/7.3.1/../../../../arm-none-eabi/lib/thumb/v7-m/libc_nano.a(lib_a-stdio.o)
                0x0000000008005292                __swrite
 .text.__sseek  0x00000000080052ca       0x24 /home/ccattaneo/st/stm32cubeide_1.5.0/plugins/com.st.stm32cube.ide.mcu.externaltools.gnu-tools-for-stm32.7-2018-q2-update.linux64_1.5.0.202011040924/tools/bin/../lib/gcc/arm-none-eabi/7.3.1/../../../../arm-none-eabi/lib/thumb/v7-m/libc_nano.a(lib_a-stdio.o)
                0x00000000080052ca                __sseek
 .text.__sclose
                0x00000000080052ee        0x8 /home/ccattaneo/st/stm32cubeide_1.5.0/plugins/com.st.stm32cube.ide.mcu.externaltools.gnu-tools-for-stm32.7-2018-q2-update.linux64_1.5.0.202011040924/tools/bin/../lib/gcc/arm-none-eabi/7.3.1/../../../../arm-none-eabi/lib/thumb/v7-m/libc_nano.a(lib_a-stdio.o)
                0x00000000080052ee                __sclose
 *fill*         0x00000000080052f6        0x2 
 .text._write_r
                0x00000000080052f8       0x24 /home/ccattaneo/st/stm32cubeide_1.5.0/plugins/com.st.stm32cube.ide.mcu.externaltools.gnu-tools-for-stm32.7-2018-q2-update.linux64_1.5.0.202011040924/tools/bin/../lib/gcc/arm-none-eabi/7.3.1/../../../../arm-none-eabi/lib/thumb/v7-m/libc_nano.a(lib_a-writer.o)
                0x00000000080052f8                _write_r
 .text._close_r
                0x000000000800531c       0x20 /home/ccattaneo/st/stm32cubeide_1.5.0/plugins/com.st.stm32cube.ide.mcu.externaltools.gnu-tools-for-stm32.7-2018-q2-update.linux64_1.5.0.202011040924/tools/bin/../lib/gcc/arm-none-eabi/7.3.1/../../../../arm-none-eabi/lib/thumb/v7-m/libc_nano.a(lib_a-closer.o)
                0x000000000800531c                _close_r
 .text._fstat_r
                0x000000000800533c       0x24 /home/ccattaneo/st/stm32cubeide_1.5.0/plugins/com.st.stm32cube.ide.mcu.externaltools.gnu-tools-for-stm32.7-2018-q2-update.linux64_1.5.0.202011040924/tools/bin/../lib/gcc/arm-none-eabi/7.3.1/../../../../arm-none-eabi/lib/thumb/v7-m/libc_nano.a(lib_a-fstatr.o)
                0x000000000800533c                _fstat_r
 .text._isatty_r
                0x0000000008005360       0x20 /home/ccattaneo/st/stm32cubeide_1.5.0/plugins/com.st.stm32cube.ide.mcu.externaltools.gnu-tools-for-stm32.7-2018-q2-update.linux64_1.5.0.202011040924/tools/bin/../lib/gcc/arm-none-eabi/7.3.1/../../../../arm-none-eabi/lib/thumb/v7-m/libc_nano.a(lib_a-isattyr.o)
                0x0000000008005360                _isatty_r
 .text._lseek_r
                0x0000000008005380       0x24 /home/ccattaneo/st/stm32cubeide_1.5.0/plugins/com.st.stm32cube.ide.mcu.externaltools.gnu-tools-for-stm32.7-2018-q2-update.linux64_1.5.0.202011040924/tools/bin/../lib/gcc/arm-none-eabi/7.3.1/../../../../arm-none-eabi/lib/thumb/v7-m/libc_nano.a(lib_a-lseekr.o)
                0x0000000008005380                _lseek_r
 .text.memchr   0x00000000080053a4       0x1c /home/ccattaneo/st/stm32cubeide_1.5.0/plugins/com.st.stm32cube.ide.mcu.externaltools.gnu-tools-for-stm32.7-2018-q2-update.linux64_1.5.0.202011040924/tools/bin/../lib/gcc/arm-none-eabi/7.3.1/../../../../arm-none-eabi/lib/thumb/v7-m/libc_nano.a(lib_a-memchr-stub.o)
                0x00000000080053a4                memchr
 .text.__malloc_lock
                0x00000000080053c0        0x2 /home/ccattaneo/st/stm32cubeide_1.5.0/plugins/com.st.stm32cube.ide.mcu.externaltools.gnu-tools-for-stm32.7-2018-q2-update.linux64_1.5.0.202011040924/tools/bin/../lib/gcc/arm-none-eabi/7.3.1/../../../../arm-none-eabi/lib/thumb/v7-m/libc_nano.a(lib_a-mlock.o)
                0x00000000080053c0                __malloc_lock
 .text.__malloc_unlock
                0x00000000080053c2        0x2 /home/ccattaneo/st/stm32cubeide_1.5.0/plugins/com.st.stm32cube.ide.mcu.externaltools.gnu-tools-for-stm32.7-2018-q2-update.linux64_1.5.0.202011040924/tools/bin/../lib/gcc/arm-none-eabi/7.3.1/../../../../arm-none-eabi/lib/thumb/v7-m/libc_nano.a(lib_a-mlock.o)
                0x00000000080053c2                __malloc_unlock
 .text._read_r  0x00000000080053c4       0x24 /home/ccattaneo/st/stm32cubeide_1.5.0/plugins/com.st.stm32cube.ide.mcu.externaltools.gnu-tools-for-stm32.7-2018-q2-update.linux64_1.5.0.202011040924/tools/bin/../lib/gcc/arm-none-eabi/7.3.1/../../../../arm-none-eabi/lib/thumb/v7-m/libc_nano.a(lib_a-readr.o)
                0x00000000080053c4                _read_r
 .text.lflush   0x00000000080053e8       0x12 /home/ccattaneo/st/stm32cubeide_1.5.0/plugins/com.st.stm32cube.ide.mcu.externaltools.gnu-tools-for-stm32.7-2018-q2-update.linux64_1.5.0.202011040924/tools/bin/../lib/gcc/arm-none-eabi/7.3.1/../../../../arm-none-eabi/lib/thumb/v7-m/libc_nano.a(lib_a-refill.o)
 *fill*         0x00000000080053fa        0x2 
 .text.__srefill_r
                0x00000000080053fc      0x118 /home/ccattaneo/st/stm32cubeide_1.5.0/plugins/com.st.stm32cube.ide.mcu.externaltools.gnu-tools-for-stm32.7-2018-q2-update.linux64_1.5.0.202011040924/tools/bin/../lib/gcc/arm-none-eabi/7.3.1/../../../../arm-none-eabi/lib/thumb/v7-m/libc_nano.a(lib_a-refill.o)
                0x00000000080053fc                __srefill_r
 *(.glue_7)
 .glue_7        0x0000000008005514        0x0 linker stubs
 *(.glue_7t)
 .glue_7t       0x0000000008005514        0x0 linker stubs
 *(.eh_frame)
 .eh_frame      0x0000000008005514        0x0 /home/ccattaneo/st/stm32cubeide_1.5.0/plugins/com.st.stm32cube.ide.mcu.externaltools.gnu-tools-for-stm32.7-2018-q2-update.linux64_1.5.0.202011040924/tools/bin/../lib/gcc/arm-none-eabi/7.3.1/thumb/v7-m/crtbegin.o
 *(.init)
 .init          0x0000000008005514        0x4 /home/ccattaneo/st/stm32cubeide_1.5.0/plugins/com.st.stm32cube.ide.mcu.externaltools.gnu-tools-for-stm32.7-2018-q2-update.linux64_1.5.0.202011040924/tools/bin/../lib/gcc/arm-none-eabi/7.3.1/thumb/v7-m/crti.o
                0x0000000008005514                _init
 .init          0x0000000008005518        0x8 /home/ccattaneo/st/stm32cubeide_1.5.0/plugins/com.st.stm32cube.ide.mcu.externaltools.gnu-tools-for-stm32.7-2018-q2-update.linux64_1.5.0.202011040924/tools/bin/../lib/gcc/arm-none-eabi/7.3.1/thumb/v7-m/crtn.o
 *(.fini)
 .fini          0x0000000008005520        0x4 /home/ccattaneo/st/stm32cubeide_1.5.0/plugins/com.st.stm32cube.ide.mcu.externaltools.gnu-tools-for-stm32.7-2018-q2-update.linux64_1.5.0.202011040924/tools/bin/../lib/gcc/arm-none-eabi/7.3.1/thumb/v7-m/crti.o
                0x0000000008005520                _fini
 .fini          0x0000000008005524        0x8 /home/ccattaneo/st/stm32cubeide_1.5.0/plugins/com.st.stm32cube.ide.mcu.externaltools.gnu-tools-for-stm32.7-2018-q2-update.linux64_1.5.0.202011040924/tools/bin/../lib/gcc/arm-none-eabi/7.3.1/thumb/v7-m/crtn.o
                0x000000000800552c                . = ALIGN (0x4)
                0x000000000800552c                _etext = .

.vfp11_veneer   0x000000000800552c        0x0
 .vfp11_veneer  0x000000000800552c        0x0 linker stubs

.v4_bx          0x000000000800552c        0x0
 .v4_bx         0x000000000800552c        0x0 linker stubs

.iplt           0x000000000800552c        0x0
 .iplt          0x000000000800552c        0x0 /home/ccattaneo/st/stm32cubeide_1.5.0/plugins/com.st.stm32cube.ide.mcu.externaltools.gnu-tools-for-stm32.7-2018-q2-update.linux64_1.5.0.202011040924/tools/bin/../lib/gcc/arm-none-eabi/7.3.1/thumb/v7-m/crtbegin.o

.rodata         0x000000000800552c      0x788
                0x000000000800552c                . = ALIGN (0x4)
 *(.rodata)
 .rodata        0x000000000800552c      0x1b4 Core/Src/main.o
 .rodata        0x00000000080056e0       0x12 Drivers/STM32F1xx_HAL_Driver/Src/stm32f1xx_hal_rcc.o
 *fill*         0x00000000080056f2        0x2 
 .rodata        0x00000000080056f4      0x404 RFLib/RF24.o
 *(.rodata*)
 .rodata.AHBPrescTable
                0x0000000008005af8       0x10 Core/Src/system_stm32f1xx.o
                0x0000000008005af8                AHBPrescTable
 .rodata.APBPrescTable
                0x0000000008005b08        0x8 Core/Src/system_stm32f1xx.o
                0x0000000008005b08                APBPrescTable
 .rodata._ZL21rf24_datarate_e_str_0
                0x0000000008005b10        0x9 RFLib/RF24.o
 *fill*         0x0000000008005b19        0x3 
 .rodata._ZL21rf24_datarate_e_str_1
                0x0000000008005b1c        0x9 RFLib/RF24.o
 *fill*         0x0000000008005b25        0x3 
 .rodata._ZL21rf24_datarate_e_str_2
                0x0000000008005b28        0xb RFLib/RF24.o
 *fill*         0x0000000008005b33        0x1 
 .rodata._ZL21rf24_datarate_e_str_P
                0x0000000008005b34        0xc RFLib/RF24.o
 .rodata._ZL18rf24_model_e_str_0
                0x0000000008005b40        0x9 RFLib/RF24.o
 *fill*         0x0000000008005b49        0x3 
 .rodata._ZL18rf24_model_e_str_1
                0x0000000008005b4c        0xa RFLib/RF24.o
 *fill*         0x0000000008005b56        0x2 
 .rodata._ZL18rf24_model_e_str_P
                0x0000000008005b58        0x8 RFLib/RF24.o
 .rodata._ZL22rf24_crclength_e_str_0
                0x0000000008005b60        0xb RFLib/RF24.o
 *fill*         0x0000000008005b6b        0x1 
 .rodata._ZL22rf24_crclength_e_str_1
                0x0000000008005b6c        0x9 RFLib/RF24.o
 *fill*         0x0000000008005b75        0x3 
 .rodata._ZL22rf24_crclength_e_str_2
                0x0000000008005b78        0xa RFLib/RF24.o
 *fill*         0x0000000008005b82        0x2 
 .rodata._ZL22rf24_crclength_e_str_P
                0x0000000008005b84        0xc RFLib/RF24.o
 .rodata._ZL19rf24_pa_dbm_e_str_0
                0x0000000008005b90        0x9 RFLib/RF24.o
 *fill*         0x0000000008005b99        0x3 
 .rodata._ZL19rf24_pa_dbm_e_str_1
                0x0000000008005b9c        0x9 RFLib/RF24.o
 *fill*         0x0000000008005ba5        0x3 
 .rodata._ZL19rf24_pa_dbm_e_str_2
                0x0000000008005ba8        0xa RFLib/RF24.o
 *fill*         0x0000000008005bb2        0x2 
 .rodata._ZL19rf24_pa_dbm_e_str_3
                0x0000000008005bb4        0x9 RFLib/RF24.o
 *fill*         0x0000000008005bbd        0x3 
 .rodata._ZL19rf24_pa_dbm_e_str_P
                0x0000000008005bc0       0x10 RFLib/RF24.o
 .rodata._ZL21rf24_feature_e_str_on
                0x0000000008005bd0        0xa RFLib/RF24.o
 *fill*         0x0000000008005bda        0x2 
 .rodata._ZL26rf24_feature_e_str_allowed
                0x0000000008005bdc        0xa RFLib/RF24.o
 *fill*         0x0000000008005be6        0x2 
 .rodata._ZL23rf24_feature_e_str_open
                0x0000000008005be8        0x7 RFLib/RF24.o
 *fill*         0x0000000008005bef        0x1 
 .rodata._ZL25rf24_feature_e_str_closed
                0x0000000008005bf0        0x7 RFLib/RF24.o
 *fill*         0x0000000008005bf7        0x1 
 .rodata._ZL20rf24_feature_e_str_P
                0x0000000008005bf8       0x14 RFLib/RF24.o
 .rodata._ZL17child_pipe_enable
                0x0000000008005c0c        0x6 RFLib/RF24.o
 *fill*         0x0000000008005c12        0x2 
 .rodata._ZL10child_pipe
                0x0000000008005c14        0x6 RFLib/RF24.o
 *fill*         0x0000000008005c1a        0x2 
 .rodata._global_impure_ptr
                0x0000000008005c1c        0x4 /home/ccattaneo/st/stm32cubeide_1.5.0/plugins/com.st.stm32cube.ide.mcu.externaltools.gnu-tools-for-stm32.7-2018-q2-update.linux64_1.5.0.202011040924/tools/bin/../lib/gcc/arm-none-eabi/7.3.1/../../../../arm-none-eabi/lib/thumb/v7-m/libc_nano.a(lib_a-impure.o)
                0x0000000008005c1c                _global_impure_ptr
 .rodata.__sf_fake_stderr
                0x0000000008005c20       0x20 /home/ccattaneo/st/stm32cubeide_1.5.0/plugins/com.st.stm32cube.ide.mcu.externaltools.gnu-tools-for-stm32.7-2018-q2-update.linux64_1.5.0.202011040924/tools/bin/../lib/gcc/arm-none-eabi/7.3.1/../../../../arm-none-eabi/lib/thumb/v7-m/libc_nano.a(lib_a-findfp.o)
                0x0000000008005c20                __sf_fake_stderr
 .rodata.__sf_fake_stdin
                0x0000000008005c40       0x20 /home/ccattaneo/st/stm32cubeide_1.5.0/plugins/com.st.stm32cube.ide.mcu.externaltools.gnu-tools-for-stm32.7-2018-q2-update.linux64_1.5.0.202011040924/tools/bin/../lib/gcc/arm-none-eabi/7.3.1/../../../../arm-none-eabi/lib/thumb/v7-m/libc_nano.a(lib_a-findfp.o)
                0x0000000008005c40                __sf_fake_stdin
 .rodata.__sf_fake_stdout
                0x0000000008005c60       0x20 /home/ccattaneo/st/stm32cubeide_1.5.0/plugins/com.st.stm32cube.ide.mcu.externaltools.gnu-tools-for-stm32.7-2018-q2-update.linux64_1.5.0.202011040924/tools/bin/../lib/gcc/arm-none-eabi/7.3.1/../../../../arm-none-eabi/lib/thumb/v7-m/libc_nano.a(lib_a-findfp.o)
                0x0000000008005c60                __sf_fake_stdout
 .rodata._vfprintf_r.str1.1
                0x0000000008005c80       0x11 /home/ccattaneo/st/stm32cubeide_1.5.0/plugins/com.st.stm32cube.ide.mcu.externaltools.gnu-tools-for-stm32.7-2018-q2-update.linux64_1.5.0.202011040924/tools/bin/../lib/gcc/arm-none-eabi/7.3.1/../../../../arm-none-eabi/lib/thumb/v7-m/libc_nano.a(lib_a-nano-vfprintf.o)
 .rodata._printf_i.str1.1
                0x0000000008005c91       0x22 /home/ccattaneo/st/stm32cubeide_1.5.0/plugins/com.st.stm32cube.ide.mcu.externaltools.gnu-tools-for-stm32.7-2018-q2-update.linux64_1.5.0.202011040924/tools/bin/../lib/gcc/arm-none-eabi/7.3.1/../../../../arm-none-eabi/lib/thumb/v7-m/libc_nano.a(lib_a-nano-vfprintf_i.o)
                0x0000000008005cb4                . = ALIGN (0x4)
 *fill*         0x0000000008005cb3        0x1 

.rel.dyn        0x0000000008005cb4        0x0
 .rel.iplt      0x0000000008005cb4        0x0 /home/ccattaneo/st/stm32cubeide_1.5.0/plugins/com.st.stm32cube.ide.mcu.externaltools.gnu-tools-for-stm32.7-2018-q2-update.linux64_1.5.0.202011040924/tools/bin/../lib/gcc/arm-none-eabi/7.3.1/thumb/v7-m/crtbegin.o

.ARM.extab      0x0000000008005cb4        0x0
                0x0000000008005cb4                . = ALIGN (0x4)
 *(.ARM.extab* .gnu.linkonce.armextab.*)
                0x0000000008005cb4                . = ALIGN (0x4)

.ARM            0x0000000008005cb4        0x0
                0x0000000008005cb4                . = ALIGN (0x4)
                0x0000000008005cb4                __exidx_start = .
 *(.ARM.exidx*)
                0x0000000008005cb4                __exidx_end = .
                0x0000000008005cb4                . = ALIGN (0x4)

.preinit_array  0x0000000008005cb4        0x0
                0x0000000008005cb4                . = ALIGN (0x4)
                0x0000000008005cb4                PROVIDE (__preinit_array_start = .)
 *(.preinit_array*)
                0x0000000008005cb4                PROVIDE (__preinit_array_end = .)
                0x0000000008005cb4                . = ALIGN (0x4)

.init_array     0x0000000008005cb4        0x4
                0x0000000008005cb4                . = ALIGN (0x4)
                0x0000000008005cb4                PROVIDE (__init_array_start = .)
 *(SORT_BY_NAME(.init_array.*))
 *(.init_array*)
 .init_array    0x0000000008005cb4        0x4 /home/ccattaneo/st/stm32cubeide_1.5.0/plugins/com.st.stm32cube.ide.mcu.externaltools.gnu-tools-for-stm32.7-2018-q2-update.linux64_1.5.0.202011040924/tools/bin/../lib/gcc/arm-none-eabi/7.3.1/thumb/v7-m/crtbegin.o
                0x0000000008005cb8                PROVIDE (__init_array_end = .)
                0x0000000008005cb8                . = ALIGN (0x4)

.fini_array     0x0000000008005cb8        0x4
                0x0000000008005cb8                . = ALIGN (0x4)
                [!provide]                        PROVIDE (__fini_array_start = .)
 *(SORT_BY_NAME(.fini_array.*))
 *(.fini_array*)
 .fini_array    0x0000000008005cb8        0x4 /home/ccattaneo/st/stm32cubeide_1.5.0/plugins/com.st.stm32cube.ide.mcu.externaltools.gnu-tools-for-stm32.7-2018-q2-update.linux64_1.5.0.202011040924/tools/bin/../lib/gcc/arm-none-eabi/7.3.1/thumb/v7-m/crtbegin.o
                [!provide]                        PROVIDE (__fini_array_end = .)
                0x0000000008005cbc                . = ALIGN (0x4)
                0x0000000008005cbc                _sidata = LOADADDR (.data)

.data           0x0000000020000000       0x70 load address 0x0000000008005cbc
                0x0000000020000000                . = ALIGN (0x4)
                0x0000000020000000                _sdata = .
 *(.data)
 *(.data*)
 .data.SystemCoreClock
                0x0000000020000000        0x4 Core/Src/system_stm32f1xx.o
                0x0000000020000000                SystemCoreClock
 .data.uwTickPrio
                0x0000000020000004        0x4 Drivers/STM32F1xx_HAL_Driver/Src/stm32f1xx_hal.o
                0x0000000020000004                uwTickPrio
 .data.uwTickFreq
                0x0000000020000008        0x1 Drivers/STM32F1xx_HAL_Driver/Src/stm32f1xx_hal.o
                0x0000000020000008                uwTickFreq
 *fill*         0x0000000020000009        0x3 
 .data._impure_ptr
                0x000000002000000c        0x4 /home/ccattaneo/st/stm32cubeide_1.5.0/plugins/com.st.stm32cube.ide.mcu.externaltools.gnu-tools-for-stm32.7-2018-q2-update.linux64_1.5.0.202011040924/tools/bin/../lib/gcc/arm-none-eabi/7.3.1/../../../../arm-none-eabi/lib/thumb/v7-m/libc_nano.a(lib_a-impure.o)
                0x000000002000000c                _impure_ptr
 .data.impure_data
                0x0000000020000010       0x60 /home/ccattaneo/st/stm32cubeide_1.5.0/plugins/com.st.stm32cube.ide.mcu.externaltools.gnu-tools-for-stm32.7-2018-q2-update.linux64_1.5.0.202011040924/tools/bin/../lib/gcc/arm-none-eabi/7.3.1/../../../../arm-none-eabi/lib/thumb/v7-m/libc_nano.a(lib_a-impure.o)
 *(.RamFunc)
 *(.RamFunc*)
                0x0000000020000070                . = ALIGN (0x4)
                0x0000000020000070                _edata = .

.igot.plt       0x0000000020000070        0x0 load address 0x0000000008005d2c
 .igot.plt      0x0000000020000070        0x0 /home/ccattaneo/st/stm32cubeide_1.5.0/plugins/com.st.stm32cube.ide.mcu.externaltools.gnu-tools-for-stm32.7-2018-q2-update.linux64_1.5.0.202011040924/tools/bin/../lib/gcc/arm-none-eabi/7.3.1/thumb/v7-m/crtbegin.o
                0x0000000020000070                . = ALIGN (0x4)

.bss            0x0000000020000070       0x90 load address 0x0000000008005d2c
                0x0000000020000070                _sbss = .
                0x0000000020000070                __bss_start__ = _sbss
 *(.bss)
 .bss           0x0000000020000070       0x1c /home/ccattaneo/st/stm32cubeide_1.5.0/plugins/com.st.stm32cube.ide.mcu.externaltools.gnu-tools-for-stm32.7-2018-q2-update.linux64_1.5.0.202011040924/tools/bin/../lib/gcc/arm-none-eabi/7.3.1/thumb/v7-m/crtbegin.o
 *(.bss*)
 .bss.huart1    0x000000002000008c       0x40 Core/Src/main.o
                0x000000002000008c                huart1
 .bss.tx        0x00000000200000cc       0x20 Core/Src/main.o
                0x00000000200000cc                tx
 .bss.__sbrk_heap_end
                0x00000000200000ec        0x4 Core/Src/sysmem.o
 .bss.__malloc_free_list
                0x00000000200000f0        0x4 /home/ccattaneo/st/stm32cubeide_1.5.0/plugins/com.st.stm32cube.ide.mcu.externaltools.gnu-tools-for-stm32.7-2018-q2-update.linux64_1.5.0.202011040924/tools/bin/../lib/gcc/arm-none-eabi/7.3.1/../../../../arm-none-eabi/lib/thumb/v7-m/libc_nano.a(lib_a-nano-mallocr.o)
                0x00000000200000f0                __malloc_free_list
 .bss.__malloc_sbrk_start
                0x00000000200000f4        0x4 /home/ccattaneo/st/stm32cubeide_1.5.0/plugins/com.st.stm32cube.ide.mcu.externaltools.gnu-tools-for-stm32.7-2018-q2-update.linux64_1.5.0.202011040924/tools/bin/../lib/gcc/arm-none-eabi/7.3.1/../../../../arm-none-eabi/lib/thumb/v7-m/libc_nano.a(lib_a-nano-mallocr.o)
                0x00000000200000f4                __malloc_sbrk_start
 *(COMMON)
 COMMON         0x00000000200000f8        0x4 Drivers/STM32F1xx_HAL_Driver/Src/stm32f1xx_hal.o
                0x00000000200000f8                uwTick
 COMMON         0x00000000200000fc        0x4 /home/ccattaneo/st/stm32cubeide_1.5.0/plugins/com.st.stm32cube.ide.mcu.externaltools.gnu-tools-for-stm32.7-2018-q2-update.linux64_1.5.0.202011040924/tools/bin/../lib/gcc/arm-none-eabi/7.3.1/../../../../arm-none-eabi/lib/thumb/v7-m/libc_nano.a(lib_a-reent.o)
                0x00000000200000fc                errno
                0x0000000020000100                . = ALIGN (0x4)
                0x0000000020000100                _ebss = .
                0x0000000020000100                __bss_end__ = _ebss

._user_heap_stack
                0x0000000020000100      0x600 load address 0x0000000008005d2c
                0x0000000020000100                . = ALIGN (0x8)
                [!provide]                        PROVIDE (end = .)
                0x0000000020000100                PROVIDE (_end = .)
                0x0000000020000300                . = (. + _Min_Heap_Size)
 *fill*         0x0000000020000100      0x200 
                0x0000000020000700                . = (. + _Min_Stack_Size)
 *fill*         0x0000000020000300      0x400 
                0x0000000020000700                . = ALIGN (0x8)

/DISCARD/
 libc.a(*)
 libm.a(*)
 libgcc.a(*)

.ARM.attributes
                0x0000000000000000       0x29
 *(.ARM.attributes)
 .ARM.attributes
                0x0000000000000000       0x1d /home/ccattaneo/st/stm32cubeide_1.5.0/plugins/com.st.stm32cube.ide.mcu.externaltools.gnu-tools-for-stm32.7-2018-q2-update.linux64_1.5.0.202011040924/tools/bin/../lib/gcc/arm-none-eabi/7.3.1/thumb/v7-m/crti.o
 .ARM.attributes
                0x000000000000001d       0x2d /home/ccattaneo/st/stm32cubeide_1.5.0/plugins/com.st.stm32cube.ide.mcu.externaltools.gnu-tools-for-stm32.7-2018-q2-update.linux64_1.5.0.202011040924/tools/bin/../lib/gcc/arm-none-eabi/7.3.1/thumb/v7-m/crtbegin.o
 .ARM.attributes
                0x000000000000004a       0x33 Core/Src/main.o
 .ARM.attributes
                0x000000000000007d       0x33 Core/Src/stm32f1xx_hal_msp.o
 .ARM.attributes
                0x00000000000000b0       0x33 Core/Src/stm32f1xx_it.o
 .ARM.attributes
                0x00000000000000e3       0x33 Core/Src/syscalls.o
 .ARM.attributes
                0x0000000000000116       0x33 Core/Src/sysmem.o
 .ARM.attributes
                0x0000000000000149       0x33 Core/Src/system_stm32f1xx.o
 .ARM.attributes
                0x000000000000017c       0x21 Core/Startup/startup_stm32f103c8tx.o
 .ARM.attributes
                0x000000000000019d       0x33 Drivers/STM32F1xx_HAL_Driver/Src/stm32f1xx_hal.o
 .ARM.attributes
                0x00000000000001d0       0x33 Drivers/STM32F1xx_HAL_Driver/Src/stm32f1xx_hal_cortex.o
 .ARM.attributes
                0x0000000000000203       0x33 Drivers/STM32F1xx_HAL_Driver/Src/stm32f1xx_hal_gpio.o
 .ARM.attributes
                0x0000000000000236       0x33 Drivers/STM32F1xx_HAL_Driver/Src/stm32f1xx_hal_rcc.o
 .ARM.attributes
                0x0000000000000269       0x33 Drivers/STM32F1xx_HAL_Driver/Src/stm32f1xx_hal_spi.o
 .ARM.attributes
                0x000000000000029c       0x33 Drivers/STM32F1xx_HAL_Driver/Src/stm32f1xx_hal_tim.o
 .ARM.attributes
                0x00000000000002cf       0x33 Drivers/STM32F1xx_HAL_Driver/Src/stm32f1xx_hal_tim_ex.o
 .ARM.attributes
                0x0000000000000302       0x33 Drivers/STM32F1xx_HAL_Driver/Src/stm32f1xx_hal_uart.o
 .ARM.attributes
                0x0000000000000335       0x33 RFLib/RF24.o
 .ARM.attributes
                0x0000000000000368       0x33 RFLib/SPI_RF24.o
 .ARM.attributes
                0x000000000000039b       0x33 RFLib/TimerRF24.o
 .ARM.attributes
                0x00000000000003ce       0x33 RFLib/UART_RF24.o
 .ARM.attributes
                0x0000000000000401       0x2d /home/ccattaneo/st/stm32cubeide_1.5.0/plugins/com.st.stm32cube.ide.mcu.externaltools.gnu-tools-for-stm32.7-2018-q2-update.linux64_1.5.0.202011040924/tools/bin/../lib/gcc/arm-none-eabi/7.3.1/../../../../arm-none-eabi/lib/thumb/v7-m/libc_nano.a(lib_a-errno.o)
 .ARM.attributes
                0x000000000000042e       0x2d /home/ccattaneo/st/stm32cubeide_1.5.0/plugins/com.st.stm32cube.ide.mcu.externaltools.gnu-tools-for-stm32.7-2018-q2-update.linux64_1.5.0.202011040924/tools/bin/../lib/gcc/arm-none-eabi/7.3.1/../../../../arm-none-eabi/lib/thumb/v7-m/libc_nano.a(lib_a-getchar.o)
 .ARM.attributes
                0x000000000000045b       0x2d /home/ccattaneo/st/stm32cubeide_1.5.0/plugins/com.st.stm32cube.ide.mcu.externaltools.gnu-tools-for-stm32.7-2018-q2-update.linux64_1.5.0.202011040924/tools/bin/../lib/gcc/arm-none-eabi/7.3.1/../../../../arm-none-eabi/lib/thumb/v7-m/libc_nano.a(lib_a-impure.o)
 .ARM.attributes
                0x0000000000000488       0x2d /home/ccattaneo/st/stm32cubeide_1.5.0/plugins/com.st.stm32cube.ide.mcu.externaltools.gnu-tools-for-stm32.7-2018-q2-update.linux64_1.5.0.202011040924/tools/bin/../lib/gcc/arm-none-eabi/7.3.1/../../../../arm-none-eabi/lib/thumb/v7-m/libc_nano.a(lib_a-init.o)
 .ARM.attributes
                0x00000000000004b5       0x2d /home/ccattaneo/st/stm32cubeide_1.5.0/plugins/com.st.stm32cube.ide.mcu.externaltools.gnu-tools-for-stm32.7-2018-q2-update.linux64_1.5.0.202011040924/tools/bin/../lib/gcc/arm-none-eabi/7.3.1/../../../../arm-none-eabi/lib/thumb/v7-m/libc_nano.a(lib_a-memcpy-stub.o)
 .ARM.attributes
                0x00000000000004e2       0x2d /home/ccattaneo/st/stm32cubeide_1.5.0/plugins/com.st.stm32cube.ide.mcu.externaltools.gnu-tools-for-stm32.7-2018-q2-update.linux64_1.5.0.202011040924/tools/bin/../lib/gcc/arm-none-eabi/7.3.1/../../../../arm-none-eabi/lib/thumb/v7-m/libc_nano.a(lib_a-memset.o)
 .ARM.attributes
                0x000000000000050f       0x2d /home/ccattaneo/st/stm32cubeide_1.5.0/plugins/com.st.stm32cube.ide.mcu.externaltools.gnu-tools-for-stm32.7-2018-q2-update.linux64_1.5.0.202011040924/tools/bin/../lib/gcc/arm-none-eabi/7.3.1/../../../../arm-none-eabi/lib/thumb/v7-m/libc_nano.a(lib_a-printf.o)
 .ARM.attributes
                0x000000000000053c       0x2d /home/ccattaneo/st/stm32cubeide_1.5.0/plugins/com.st.stm32cube.ide.mcu.externaltools.gnu-tools-for-stm32.7-2018-q2-update.linux64_1.5.0.202011040924/tools/bin/../lib/gcc/arm-none-eabi/7.3.1/../../../../arm-none-eabi/lib/thumb/v7-m/libc_nano.a(lib_a-puts.o)
 .ARM.attributes
                0x0000000000000569       0x2d /home/ccattaneo/st/stm32cubeide_1.5.0/plugins/com.st.stm32cube.ide.mcu.externaltools.gnu-tools-for-stm32.7-2018-q2-update.linux64_1.5.0.202011040924/tools/bin/../lib/gcc/arm-none-eabi/7.3.1/../../../../arm-none-eabi/lib/thumb/v7-m/libc_nano.a(lib_a-wbuf.o)
 .ARM.attributes
                0x0000000000000596       0x2d /home/ccattaneo/st/stm32cubeide_1.5.0/plugins/com.st.stm32cube.ide.mcu.externaltools.gnu-tools-for-stm32.7-2018-q2-update.linux64_1.5.0.202011040924/tools/bin/../lib/gcc/arm-none-eabi/7.3.1/../../../../arm-none-eabi/lib/thumb/v7-m/libc_nano.a(lib_a-wsetup.o)
 .ARM.attributes
                0x00000000000005c3       0x2d /home/ccattaneo/st/stm32cubeide_1.5.0/plugins/com.st.stm32cube.ide.mcu.externaltools.gnu-tools-for-stm32.7-2018-q2-update.linux64_1.5.0.202011040924/tools/bin/../lib/gcc/arm-none-eabi/7.3.1/../../../../arm-none-eabi/lib/thumb/v7-m/libc_nano.a(lib_a-fflush.o)
 .ARM.attributes
                0x00000000000005f0       0x2d /home/ccattaneo/st/stm32cubeide_1.5.0/plugins/com.st.stm32cube.ide.mcu.externaltools.gnu-tools-for-stm32.7-2018-q2-update.linux64_1.5.0.202011040924/tools/bin/../lib/gcc/arm-none-eabi/7.3.1/../../../../arm-none-eabi/lib/thumb/v7-m/libc_nano.a(lib_a-findfp.o)
 .ARM.attributes
                0x000000000000061d       0x2d /home/ccattaneo/st/stm32cubeide_1.5.0/plugins/com.st.stm32cube.ide.mcu.externaltools.gnu-tools-for-stm32.7-2018-q2-update.linux64_1.5.0.202011040924/tools/bin/../lib/gcc/arm-none-eabi/7.3.1/../../../../arm-none-eabi/lib/thumb/v7-m/libc_nano.a(lib_a-fwalk.o)
 .ARM.attributes
                0x000000000000064a       0x2d /home/ccattaneo/st/stm32cubeide_1.5.0/plugins/com.st.stm32cube.ide.mcu.externaltools.gnu-tools-for-stm32.7-2018-q2-update.linux64_1.5.0.202011040924/tools/bin/../lib/gcc/arm-none-eabi/7.3.1/../../../../arm-none-eabi/lib/thumb/v7-m/libc_nano.a(lib_a-getc.o)
 .ARM.attributes
                0x0000000000000677       0x2d /home/ccattaneo/st/stm32cubeide_1.5.0/plugins/com.st.stm32cube.ide.mcu.externaltools.gnu-tools-for-stm32.7-2018-q2-update.linux64_1.5.0.202011040924/tools/bin/../lib/gcc/arm-none-eabi/7.3.1/../../../../arm-none-eabi/lib/thumb/v7-m/libc_nano.a(lib_a-makebuf.o)
 .ARM.attributes
                0x00000000000006a4       0x2d /home/ccattaneo/st/stm32cubeide_1.5.0/plugins/com.st.stm32cube.ide.mcu.externaltools.gnu-tools-for-stm32.7-2018-q2-update.linux64_1.5.0.202011040924/tools/bin/../lib/gcc/arm-none-eabi/7.3.1/../../../../arm-none-eabi/lib/thumb/v7-m/libc_nano.a(lib_a-nano-freer.o)
 .ARM.attributes
                0x00000000000006d1       0x2d /home/ccattaneo/st/stm32cubeide_1.5.0/plugins/com.st.stm32cube.ide.mcu.externaltools.gnu-tools-for-stm32.7-2018-q2-update.linux64_1.5.0.202011040924/tools/bin/../lib/gcc/arm-none-eabi/7.3.1/../../../../arm-none-eabi/lib/thumb/v7-m/libc_nano.a(lib_a-nano-mallocr.o)
 .ARM.attributes
                0x00000000000006fe       0x2d /home/ccattaneo/st/stm32cubeide_1.5.0/plugins/com.st.stm32cube.ide.mcu.externaltools.gnu-tools-for-stm32.7-2018-q2-update.linux64_1.5.0.202011040924/tools/bin/../lib/gcc/arm-none-eabi/7.3.1/../../../../arm-none-eabi/lib/thumb/v7-m/libc_nano.a(lib_a-nano-vfprintf.o)
 .ARM.attributes
                0x000000000000072b       0x2d /home/ccattaneo/st/stm32cubeide_1.5.0/plugins/com.st.stm32cube.ide.mcu.externaltools.gnu-tools-for-stm32.7-2018-q2-update.linux64_1.5.0.202011040924/tools/bin/../lib/gcc/arm-none-eabi/7.3.1/../../../../arm-none-eabi/lib/thumb/v7-m/libc_nano.a(lib_a-nano-vfprintf_i.o)
 .ARM.attributes
                0x0000000000000758       0x2d /home/ccattaneo/st/stm32cubeide_1.5.0/plugins/com.st.stm32cube.ide.mcu.externaltools.gnu-tools-for-stm32.7-2018-q2-update.linux64_1.5.0.202011040924/tools/bin/../lib/gcc/arm-none-eabi/7.3.1/../../../../arm-none-eabi/lib/thumb/v7-m/libc_nano.a(lib_a-rget.o)
 .ARM.attributes
                0x0000000000000785       0x2d /home/ccattaneo/st/stm32cubeide_1.5.0/plugins/com.st.stm32cube.ide.mcu.externaltools.gnu-tools-for-stm32.7-2018-q2-update.linux64_1.5.0.202011040924/tools/bin/../lib/gcc/arm-none-eabi/7.3.1/../../../../arm-none-eabi/lib/thumb/v7-m/libc_nano.a(lib_a-sbrkr.o)
 .ARM.attributes
                0x00000000000007b2       0x2d /home/ccattaneo/st/stm32cubeide_1.5.0/plugins/com.st.stm32cube.ide.mcu.externaltools.gnu-tools-for-stm32.7-2018-q2-update.linux64_1.5.0.202011040924/tools/bin/../lib/gcc/arm-none-eabi/7.3.1/../../../../arm-none-eabi/lib/thumb/v7-m/libc_nano.a(lib_a-stdio.o)
 .ARM.attributes
                0x00000000000007df       0x2d /home/ccattaneo/st/stm32cubeide_1.5.0/plugins/com.st.stm32cube.ide.mcu.externaltools.gnu-tools-for-stm32.7-2018-q2-update.linux64_1.5.0.202011040924/tools/bin/../lib/gcc/arm-none-eabi/7.3.1/../../../../arm-none-eabi/lib/thumb/v7-m/libc_nano.a(lib_a-writer.o)
 .ARM.attributes
                0x000000000000080c       0x2d /home/ccattaneo/st/stm32cubeide_1.5.0/plugins/com.st.stm32cube.ide.mcu.externaltools.gnu-tools-for-stm32.7-2018-q2-update.linux64_1.5.0.202011040924/tools/bin/../lib/gcc/arm-none-eabi/7.3.1/../../../../arm-none-eabi/lib/thumb/v7-m/libc_nano.a(lib_a-closer.o)
 .ARM.attributes
                0x0000000000000839       0x2d /home/ccattaneo/st/stm32cubeide_1.5.0/plugins/com.st.stm32cube.ide.mcu.externaltools.gnu-tools-for-stm32.7-2018-q2-update.linux64_1.5.0.202011040924/tools/bin/../lib/gcc/arm-none-eabi/7.3.1/../../../../arm-none-eabi/lib/thumb/v7-m/libc_nano.a(lib_a-fstatr.o)
 .ARM.attributes
                0x0000000000000866       0x2d /home/ccattaneo/st/stm32cubeide_1.5.0/plugins/com.st.stm32cube.ide.mcu.externaltools.gnu-tools-for-stm32.7-2018-q2-update.linux64_1.5.0.202011040924/tools/bin/../lib/gcc/arm-none-eabi/7.3.1/../../../../arm-none-eabi/lib/thumb/v7-m/libc_nano.a(lib_a-isattyr.o)
 .ARM.attributes
                0x0000000000000893       0x2d /home/ccattaneo/st/stm32cubeide_1.5.0/plugins/com.st.stm32cube.ide.mcu.externaltools.gnu-tools-for-stm32.7-2018-q2-update.linux64_1.5.0.202011040924/tools/bin/../lib/gcc/arm-none-eabi/7.3.1/../../../../arm-none-eabi/lib/thumb/v7-m/libc_nano.a(lib_a-lseekr.o)
 .ARM.attributes
                0x00000000000008c0       0x2d /home/ccattaneo/st/stm32cubeide_1.5.0/plugins/com.st.stm32cube.ide.mcu.externaltools.gnu-tools-for-stm32.7-2018-q2-update.linux64_1.5.0.202011040924/tools/bin/../lib/gcc/arm-none-eabi/7.3.1/../../../../arm-none-eabi/lib/thumb/v7-m/libc_nano.a(lib_a-memchr-stub.o)
 .ARM.attributes
                0x00000000000008ed       0x2d /home/ccattaneo/st/stm32cubeide_1.5.0/plugins/com.st.stm32cube.ide.mcu.externaltools.gnu-tools-for-stm32.7-2018-q2-update.linux64_1.5.0.202011040924/tools/bin/../lib/gcc/arm-none-eabi/7.3.1/../../../../arm-none-eabi/lib/thumb/v7-m/libc_nano.a(lib_a-mlock.o)
 .ARM.attributes
                0x000000000000091a       0x2d /home/ccattaneo/st/stm32cubeide_1.5.0/plugins/com.st.stm32cube.ide.mcu.externaltools.gnu-tools-for-stm32.7-2018-q2-update.linux64_1.5.0.202011040924/tools/bin/../lib/gcc/arm-none-eabi/7.3.1/../../../../arm-none-eabi/lib/thumb/v7-m/libc_nano.a(lib_a-readr.o)
 .ARM.attributes
                0x0000000000000947       0x2d /home/ccattaneo/st/stm32cubeide_1.5.0/plugins/com.st.stm32cube.ide.mcu.externaltools.gnu-tools-for-stm32.7-2018-q2-update.linux64_1.5.0.202011040924/tools/bin/../lib/gcc/arm-none-eabi/7.3.1/../../../../arm-none-eabi/lib/thumb/v7-m/libc_nano.a(lib_a-reent.o)
 .ARM.attributes
                0x0000000000000974       0x2d /home/ccattaneo/st/stm32cubeide_1.5.0/plugins/com.st.stm32cube.ide.mcu.externaltools.gnu-tools-for-stm32.7-2018-q2-update.linux64_1.5.0.202011040924/tools/bin/../lib/gcc/arm-none-eabi/7.3.1/../../../../arm-none-eabi/lib/thumb/v7-m/libc_nano.a(lib_a-refill.o)
 .ARM.attributes
                0x00000000000009a1       0x1d /home/ccattaneo/st/stm32cubeide_1.5.0/plugins/com.st.stm32cube.ide.mcu.externaltools.gnu-tools-for-stm32.7-2018-q2-update.linux64_1.5.0.202011040924/tools/bin/../lib/gcc/arm-none-eabi/7.3.1/thumb/v7-m/crtn.o
OUTPUT(TestRFClassi.elf elf32-littlearm)

.debug_info     0x0000000000000000    0x145c4
 .debug_info    0x0000000000000000     0x29e9 Core/Src/main.o
 .debug_info    0x00000000000029e9      0xe85 Core/Src/stm32f1xx_hal_msp.o
 .debug_info    0x000000000000386e      0x20a Core/Src/stm32f1xx_it.o
 .debug_info    0x0000000000003a78     0x1462 Core/Src/syscalls.o
 .debug_info    0x0000000000004eda      0x985 Core/Src/sysmem.o
 .debug_info    0x000000000000585f      0x29a Core/Src/system_stm32f1xx.o
 .debug_info    0x0000000000005af9       0x22 Core/Startup/startup_stm32f103c8tx.o
 .debug_info    0x0000000000005b1b      0x714 Drivers/STM32F1xx_HAL_Driver/Src/stm32f1xx_hal.o
 .debug_info    0x000000000000622f      0xb51 Drivers/STM32F1xx_HAL_Driver/Src/stm32f1xx_hal_cortex.o
 .debug_info    0x0000000000006d80      0x69b Drivers/STM32F1xx_HAL_Driver/Src/stm32f1xx_hal_gpio.o
 .debug_info    0x000000000000741b      0x80f Drivers/STM32F1xx_HAL_Driver/Src/stm32f1xx_hal_rcc.o
 .debug_info    0x0000000000007c2a     0x1572 Drivers/STM32F1xx_HAL_Driver/Src/stm32f1xx_hal_spi.o
 .debug_info    0x000000000000919c     0x27ef Drivers/STM32F1xx_HAL_Driver/Src/stm32f1xx_hal_tim.o
 .debug_info    0x000000000000b98b     0x136f Drivers/STM32F1xx_HAL_Driver/Src/stm32f1xx_hal_tim_ex.o
 .debug_info    0x000000000000ccfa     0x121b Drivers/STM32F1xx_HAL_Driver/Src/stm32f1xx_hal_uart.o
 .debug_info    0x000000000000df15     0x3f5f RFLib/RF24.o
 .debug_info    0x0000000000011e74      0xa70 RFLib/SPI_RF24.o
 .debug_info    0x00000000000128e4      0xa43 RFLib/TimerRF24.o
 .debug_info    0x0000000000013327     0x129d RFLib/UART_RF24.o

.debug_abbrev   0x0000000000000000     0x2a8d
 .debug_abbrev  0x0000000000000000      0x458 Core/Src/main.o
 .debug_abbrev  0x0000000000000458      0x1b7 Core/Src/stm32f1xx_hal_msp.o
 .debug_abbrev  0x000000000000060f       0xc6 Core/Src/stm32f1xx_it.o
 .debug_abbrev  0x00000000000006d5      0x2b8 Core/Src/syscalls.o
 .debug_abbrev  0x000000000000098d      0x19b Core/Src/sysmem.o
 .debug_abbrev  0x0000000000000b28      0x134 Core/Src/system_stm32f1xx.o
 .debug_abbrev  0x0000000000000c5c       0x12 Core/Startup/startup_stm32f103c8tx.o
 .debug_abbrev  0x0000000000000c6e      0x1c7 Drivers/STM32F1xx_HAL_Driver/Src/stm32f1xx_hal.o
 .debug_abbrev  0x0000000000000e35      0x2d5 Drivers/STM32F1xx_HAL_Driver/Src/stm32f1xx_hal_cortex.o
 .debug_abbrev  0x000000000000110a      0x1c0 Drivers/STM32F1xx_HAL_Driver/Src/stm32f1xx_hal_gpio.o
 .debug_abbrev  0x00000000000012ca      0x243 Drivers/STM32F1xx_HAL_Driver/Src/stm32f1xx_hal_rcc.o
 .debug_abbrev  0x000000000000150d      0x240 Drivers/STM32F1xx_HAL_Driver/Src/stm32f1xx_hal_spi.o
 .debug_abbrev  0x000000000000174d      0x230 Drivers/STM32F1xx_HAL_Driver/Src/stm32f1xx_hal_tim.o
 .debug_abbrev  0x000000000000197d      0x236 Drivers/STM32F1xx_HAL_Driver/Src/stm32f1xx_hal_tim_ex.o
 .debug_abbrev  0x0000000000001bb3      0x242 Drivers/STM32F1xx_HAL_Driver/Src/stm32f1xx_hal_uart.o
 .debug_abbrev  0x0000000000001df5      0x432 RFLib/RF24.o
 .debug_abbrev  0x0000000000002227      0x2aa RFLib/SPI_RF24.o
 .debug_abbrev  0x00000000000024d1      0x28f RFLib/TimerRF24.o
 .debug_abbrev  0x0000000000002760      0x32d RFLib/UART_RF24.o

.debug_aranges  0x0000000000000000     0x1180
 .debug_aranges
                0x0000000000000000       0x58 Core/Src/main.o
 .debug_aranges
                0x0000000000000058       0x50 Core/Src/stm32f1xx_hal_msp.o
 .debug_aranges
                0x00000000000000a8       0x60 Core/Src/stm32f1xx_it.o
 .debug_aranges
                0x0000000000000108       0xb8 Core/Src/syscalls.o
 .debug_aranges
                0x00000000000001c0       0x20 Core/Src/sysmem.o
 .debug_aranges
                0x00000000000001e0       0x28 Core/Src/system_stm32f1xx.o
 .debug_aranges
                0x0000000000000208       0x28 Core/Startup/startup_stm32f103c8tx.o
 .debug_aranges
                0x0000000000000230       0xe0 Drivers/STM32F1xx_HAL_Driver/Src/stm32f1xx_hal.o
 .debug_aranges
                0x0000000000000310      0x100 Drivers/STM32F1xx_HAL_Driver/Src/stm32f1xx_hal_cortex.o
 .debug_aranges
                0x0000000000000410       0x58 Drivers/STM32F1xx_HAL_Driver/Src/stm32f1xx_hal_gpio.o
 .debug_aranges
                0x0000000000000468       0x90 Drivers/STM32F1xx_HAL_Driver/Src/stm32f1xx_hal_rcc.o
 .debug_aranges
                0x00000000000004f8      0x1d0 Drivers/STM32F1xx_HAL_Driver/Src/stm32f1xx_hal_spi.o
 .debug_aranges
                0x00000000000006c8      0x3d0 Drivers/STM32F1xx_HAL_Driver/Src/stm32f1xx_hal_tim.o
 .debug_aranges
                0x0000000000000a98      0x168 Drivers/STM32F1xx_HAL_Driver/Src/stm32f1xx_hal_tim_ex.o
 .debug_aranges
                0x0000000000000c00      0x1d0 Drivers/STM32F1xx_HAL_Driver/Src/stm32f1xx_hal_uart.o
 .debug_aranges
                0x0000000000000dd0      0x2b0 RFLib/RF24.o
 .debug_aranges
                0x0000000000001080       0x50 RFLib/SPI_RF24.o
 .debug_aranges
                0x00000000000010d0       0x50 RFLib/TimerRF24.o
 .debug_aranges
                0x0000000000001120       0x60 RFLib/UART_RF24.o

.debug_ranges   0x0000000000000000     0x1058
 .debug_ranges  0x0000000000000000       0x48 Core/Src/main.o
 .debug_ranges  0x0000000000000048       0x40 Core/Src/stm32f1xx_hal_msp.o
 .debug_ranges  0x0000000000000088       0x50 Core/Src/stm32f1xx_it.o
 .debug_ranges  0x00000000000000d8       0xa8 Core/Src/syscalls.o
 .debug_ranges  0x0000000000000180       0x10 Core/Src/sysmem.o
 .debug_ranges  0x0000000000000190       0x18 Core/Src/system_stm32f1xx.o
 .debug_ranges  0x00000000000001a8       0x20 Core/Startup/startup_stm32f103c8tx.o
 .debug_ranges  0x00000000000001c8       0xd0 Drivers/STM32F1xx_HAL_Driver/Src/stm32f1xx_hal.o
 .debug_ranges  0x0000000000000298       0xf0 Drivers/STM32F1xx_HAL_Driver/Src/stm32f1xx_hal_cortex.o
 .debug_ranges  0x0000000000000388       0x48 Drivers/STM32F1xx_HAL_Driver/Src/stm32f1xx_hal_gpio.o
 .debug_ranges  0x00000000000003d0       0x80 Drivers/STM32F1xx_HAL_Driver/Src/stm32f1xx_hal_rcc.o
 .debug_ranges  0x0000000000000450      0x1c0 Drivers/STM32F1xx_HAL_Driver/Src/stm32f1xx_hal_spi.o
 .debug_ranges  0x0000000000000610      0x3c0 Drivers/STM32F1xx_HAL_Driver/Src/stm32f1xx_hal_tim.o
 .debug_ranges  0x00000000000009d0      0x158 Drivers/STM32F1xx_HAL_Driver/Src/stm32f1xx_hal_tim_ex.o
 .debug_ranges  0x0000000000000b28      0x1c0 Drivers/STM32F1xx_HAL_Driver/Src/stm32f1xx_hal_uart.o
 .debug_ranges  0x0000000000000ce8      0x2a0 RFLib/RF24.o
 .debug_ranges  0x0000000000000f88       0x40 RFLib/SPI_RF24.o
 .debug_ranges  0x0000000000000fc8       0x40 RFLib/TimerRF24.o
 .debug_ranges  0x0000000000001008       0x50 RFLib/UART_RF24.o

.debug_macro    0x0000000000000000    0x1bbac
 .debug_macro   0x0000000000000000      0x37e Core/Src/main.o
 .debug_macro   0x000000000000037e      0xb32 Core/Src/main.o
 .debug_macro   0x0000000000000eb0      0x221 Core/Src/main.o
 .debug_macro   0x00000000000010d1       0x2e Core/Src/main.o
 .debug_macro   0x00000000000010ff       0x22 Core/Src/main.o
 .debug_macro   0x0000000000001121       0x1c Core/Src/main.o
 .debug_macro   0x000000000000113d       0x22 Core/Src/main.o
 .debug_macro   0x000000000000115f       0x8e Core/Src/main.o
 .debug_macro   0x00000000000011ed       0x51 Core/Src/main.o
 .debug_macro   0x000000000000123e       0xef Core/Src/main.o
 .debug_macro   0x000000000000132d       0x6a Core/Src/main.o
 .debug_macro   0x0000000000001397      0x1df Core/Src/main.o
 .debug_macro   0x0000000000001576       0x1c Core/Src/main.o
 .debug_macro   0x0000000000001592       0x22 Core/Src/main.o
 .debug_macro   0x00000000000015b4       0xc3 Core/Src/main.o
 .debug_macro   0x0000000000001677      0xd23 Core/Src/main.o
 .debug_macro   0x000000000000239a     0xe097 Core/Src/main.o
 .debug_macro   0x0000000000010431       0x43 Core/Src/main.o
 .debug_macro   0x0000000000010474     0x3468 Core/Src/main.o
 .debug_macro   0x00000000000138dc      0x17b Core/Src/main.o
 .debug_macro   0x0000000000013a57       0x5c Core/Src/main.o
 .debug_macro   0x0000000000013ab3      0x5be Core/Src/main.o
 .debug_macro   0x0000000000014071      0x289 Core/Src/main.o
 .debug_macro   0x00000000000142fa      0x1cb Core/Src/main.o
 .debug_macro   0x00000000000144c5      0x114 Core/Src/main.o
 .debug_macro   0x00000000000145d9      0x1b2 Core/Src/main.o
 .debug_macro   0x000000000001478b       0x27 Core/Src/main.o
 .debug_macro   0x00000000000147b2      0x136 Core/Src/main.o
 .debug_macro   0x00000000000148e8      0x1bc Core/Src/main.o
 .debug_macro   0x0000000000014aa4       0x34 Core/Src/main.o
 .debug_macro   0x0000000000014ad8       0x3c Core/Src/main.o
 .debug_macro   0x0000000000014b14       0x57 Core/Src/main.o
 .debug_macro   0x0000000000014b6b       0x88 Core/Src/main.o
 .debug_macro   0x0000000000014bf3      0x241 Core/Src/main.o
 .debug_macro   0x0000000000014e34      0x141 Core/Src/main.o
 .debug_macro   0x0000000000014f75      0x217 Core/Src/main.o
 .debug_macro   0x000000000001518c      0x8d1 Core/Src/main.o
 .debug_macro   0x0000000000015a5d      0x26b Core/Src/main.o
 .debug_macro   0x0000000000015cc8       0x83 Core/Src/main.o
 .debug_macro   0x0000000000015d4b       0x1c Core/Src/main.o
 .debug_macro   0x0000000000015d67       0x46 Core/Src/main.o
 .debug_macro   0x0000000000015dad       0x18 Core/Src/main.o
 .debug_macro   0x0000000000015dc5       0x3c Core/Src/main.o
 .debug_macro   0x0000000000015e01       0x34 Core/Src/main.o
 .debug_macro   0x0000000000015e35       0x16 Core/Src/main.o
 .debug_macro   0x0000000000015e4b       0x35 Core/Src/main.o
 .debug_macro   0x0000000000015e80      0x34d Core/Src/main.o
 .debug_macro   0x00000000000161cd       0x10 Core/Src/main.o
 .debug_macro   0x00000000000161dd       0x52 Core/Src/main.o
 .debug_macro   0x000000000001622f       0x1f Core/Src/main.o
 .debug_macro   0x000000000001624e       0x43 Core/Src/main.o
 .debug_macro   0x0000000000016291       0x20 Core/Src/main.o
 .debug_macro   0x00000000000162b1      0x1a3 Core/Src/main.o
 .debug_macro   0x0000000000016454       0x10 Core/Src/main.o
 .debug_macro   0x0000000000016464       0x1c Core/Src/main.o
 .debug_macro   0x0000000000016480       0x52 Core/Src/main.o
 .debug_macro   0x00000000000164d2       0x40 Core/Src/main.o
 .debug_macro   0x0000000000016512       0x10 Core/Src/main.o
 .debug_macro   0x0000000000016522       0x40 Core/Src/main.o
 .debug_macro   0x0000000000016562       0xd7 Core/Src/main.o
 .debug_macro   0x0000000000016639       0x1c Core/Src/main.o
 .debug_macro   0x0000000000016655       0x3d Core/Src/main.o
 .debug_macro   0x0000000000016692       0x16 Core/Src/main.o
 .debug_macro   0x00000000000166a8      0x137 Core/Src/main.o
 .debug_macro   0x00000000000167df       0x16 Core/Src/main.o
 .debug_macro   0x00000000000167f5       0x20 Core/Src/main.o
 .debug_macro   0x0000000000016815       0x76 Core/Src/main.o
 .debug_macro   0x000000000001688b      0x1bc Core/Src/stm32f1xx_hal_msp.o
 .debug_macro   0x0000000000016a47      0xa5a Core/Src/stm32f1xx_hal_msp.o
 .debug_macro   0x00000000000174a1      0xd23 Core/Src/stm32f1xx_hal_msp.o
 .debug_macro   0x00000000000181c4      0x174 Core/Src/stm32f1xx_hal_msp.o
 .debug_macro   0x0000000000018338      0x1c6 Core/Src/stm32f1xx_it.o
 .debug_macro   0x00000000000184fe      0x3bf Core/Src/syscalls.o
 .debug_macro   0x00000000000188bd       0x40 Core/Src/syscalls.o
 .debug_macro   0x00000000000188fd       0x94 Core/Src/syscalls.o
 .debug_macro   0x0000000000018991       0x34 Core/Src/syscalls.o
 .debug_macro   0x00000000000189c5       0x57 Core/Src/syscalls.o
 .debug_macro   0x0000000000018a1c      0x330 Core/Src/syscalls.o
 .debug_macro   0x0000000000018d4c       0x43 Core/Src/syscalls.o
 .debug_macro   0x0000000000018d8f       0x10 Core/Src/syscalls.o
 .debug_macro   0x0000000000018d9f       0x35 Core/Src/syscalls.o
 .debug_macro   0x0000000000018dd4       0x10 Core/Src/syscalls.o
 .debug_macro   0x0000000000018de4       0x10 Core/Src/syscalls.o
 .debug_macro   0x0000000000018df4       0x35 Core/Src/syscalls.o
 .debug_macro   0x0000000000018e29      0x122 Core/Src/syscalls.o
 .debug_macro   0x0000000000018f4b       0x16 Core/Src/syscalls.o
 .debug_macro   0x0000000000018f61       0x16 Core/Src/syscalls.o
 .debug_macro   0x0000000000018f77       0x29 Core/Src/syscalls.o
 .debug_macro   0x0000000000018fa0       0x10 Core/Src/syscalls.o
 .debug_macro   0x0000000000018fb0      0x241 Core/Src/syscalls.o
 .debug_macro   0x00000000000191f1       0x1c Core/Src/syscalls.o
 .debug_macro   0x000000000001920d       0x10 Core/Src/syscalls.o
 .debug_macro   0x000000000001921d      0x145 Core/Src/syscalls.o
 .debug_macro   0x0000000000019362      0x189 Core/Src/syscalls.o
 .debug_macro   0x00000000000194eb       0x16 Core/Src/syscalls.o
 .debug_macro   0x0000000000019501       0x88 Core/Src/syscalls.o
 .debug_macro   0x0000000000019589       0xbd Core/Src/syscalls.o
 .debug_macro   0x0000000000019646       0x56 Core/Src/syscalls.o
 .debug_macro   0x000000000001969c       0xee Core/Src/sysmem.o
 .debug_macro   0x000000000001978a      0x23b Core/Src/sysmem.o
 .debug_macro   0x00000000000199c5      0x1ad Core/Src/system_stm32f1xx.o
 .debug_macro   0x0000000000019b72      0x1d1 Drivers/STM32F1xx_HAL_Driver/Src/stm32f1xx_hal.o
 .debug_macro   0x0000000000019d43      0x1ad Drivers/STM32F1xx_HAL_Driver/Src/stm32f1xx_hal_cortex.o
 .debug_macro   0x0000000000019ef0      0x218 Drivers/STM32F1xx_HAL_Driver/Src/stm32f1xx_hal_gpio.o
 .debug_macro   0x000000000001a108      0x1bf Drivers/STM32F1xx_HAL_Driver/Src/stm32f1xx_hal_rcc.o
 .debug_macro   0x000000000001a2c7      0x1b5 Drivers/STM32F1xx_HAL_Driver/Src/stm32f1xx_hal_spi.o
 .debug_macro   0x000000000001a47c      0x1ae Drivers/STM32F1xx_HAL_Driver/Src/stm32f1xx_hal_tim.o
 .debug_macro   0x000000000001a62a      0x1ad Drivers/STM32F1xx_HAL_Driver/Src/stm32f1xx_hal_tim_ex.o
 .debug_macro   0x000000000001a7d7      0x1ae Drivers/STM32F1xx_HAL_Driver/Src/stm32f1xx_hal_uart.o
 .debug_macro   0x000000000001a985      0x372 RFLib/RF24.o
 .debug_macro   0x000000000001acf7       0x97 RFLib/RF24.o
 .debug_macro   0x000000000001ad8e      0x353 RFLib/RF24.o
 .debug_macro   0x000000000001b0e1      0x104 RFLib/RF24.o
 .debug_macro   0x000000000001b1e5       0x70 RFLib/RF24.o
 .debug_macro   0x000000000001b255      0x22d RFLib/RF24.o
 .debug_macro   0x000000000001b482      0x1da RFLib/SPI_RF24.o
 .debug_macro   0x000000000001b65c       0x22 RFLib/SPI_RF24.o
 .debug_macro   0x000000000001b67e      0x1d4 RFLib/TimerRF24.o
 .debug_macro   0x000000000001b852      0x35a RFLib/UART_RF24.o

.debug_line     0x0000000000000000     0xcef0
 .debug_line    0x0000000000000000      0xa74 Core/Src/main.o
 .debug_line    0x0000000000000a74      0x71f Core/Src/stm32f1xx_hal_msp.o
 .debug_line    0x0000000000001193      0x73e Core/Src/stm32f1xx_it.o
 .debug_line    0x00000000000018d1      0xa97 Core/Src/syscalls.o
 .debug_line    0x0000000000002368      0x4d1 Core/Src/sysmem.o
 .debug_line    0x0000000000002839      0x6be Core/Src/system_stm32f1xx.o
 .debug_line    0x0000000000002ef7       0x84 Core/Startup/startup_stm32f103c8tx.o